###############################################################################
#
# IAR ELF Linker V8.40.1.212/W32 for ARM                  18/Jun/2020  09:26:54
# Copyright 2007-2019 IAR Systems AB.
#
#    Output file  =
#        D:\1-WORK\ProjectFiles\PCBA_FCT\MasterMcu\build\IAR\Debug\Exe\Chemo-PumpV1_0_master.out
#    Map file     =
#        D:\1-WORK\ProjectFiles\PCBA_FCT\MasterMcu\build\IAR\Debug\List\Chemo-PumpV1_0_master.map
#    Command line =
#        -f C:\Users\MICROP~1\AppData\Local\Temp\EWCA84.tmp
#        (D:\1-WORK\ProjectFiles\PCBA_FCT\MasterMcu\build\IAR\Debug\Obj\AC.o
#        D:\1-WORK\ProjectFiles\PCBA_FCT\MasterMcu\build\IAR\Debug\Obj\adc.o
#        D:\1-WORK\ProjectFiles\PCBA_FCT\MasterMcu\build\IAR\Debug\Obj\alarm.o
#        D:\1-WORK\ProjectFiles\PCBA_FCT\MasterMcu\build\IAR\Debug\Obj\alarm_play.o
#        D:\1-WORK\ProjectFiles\PCBA_FCT\MasterMcu\build\IAR\Debug\Obj\app_alarm_event_handle.o
#        D:\1-WORK\ProjectFiles\PCBA_FCT\MasterMcu\build\IAR\Debug\Obj\app_alternative_popup.o
#        D:\1-WORK\ProjectFiles\PCBA_FCT\MasterMcu\build\IAR\Debug\Obj\app_check_last_infuse.o
#        D:\1-WORK\ProjectFiles\PCBA_FCT\MasterMcu\build\IAR\Debug\Obj\app_cmd.o
#        D:\1-WORK\ProjectFiles\PCBA_FCT\MasterMcu\build\IAR\Debug\Obj\app_common.o
#        D:\1-WORK\ProjectFiles\PCBA_FCT\MasterMcu\build\IAR\Debug\Obj\app_delivery.o
#        D:\1-WORK\ProjectFiles\PCBA_FCT\MasterMcu\build\IAR\Debug\Obj\app_history_log.o
#        D:\1-WORK\ProjectFiles\PCBA_FCT\MasterMcu\build\IAR\Debug\Obj\app_home.o
#        D:\1-WORK\ProjectFiles\PCBA_FCT\MasterMcu\build\IAR\Debug\Obj\app_infusion_event_handle.o
#        D:\1-WORK\ProjectFiles\PCBA_FCT\MasterMcu\build\IAR\Debug\Obj\app_infusion_monitor.o
#        D:\1-WORK\ProjectFiles\PCBA_FCT\MasterMcu\build\IAR\Debug\Obj\app_key_event_handle.o
#        D:\1-WORK\ProjectFiles\PCBA_FCT\MasterMcu\build\IAR\Debug\Obj\app_main_menu.o
#        D:\1-WORK\ProjectFiles\PCBA_FCT\MasterMcu\build\IAR\Debug\Obj\app_mcu_comm.o
#        D:\1-WORK\ProjectFiles\PCBA_FCT\MasterMcu\build\IAR\Debug\Obj\app_mcu_monitor.o
#        D:\1-WORK\ProjectFiles\PCBA_FCT\MasterMcu\build\IAR\Debug\Obj\app_motor_monitor.o
#        D:\1-WORK\ProjectFiles\PCBA_FCT\MasterMcu\build\IAR\Debug\Obj\app_msg_handle.o
#        D:\1-WORK\ProjectFiles\PCBA_FCT\MasterMcu\build\IAR\Debug\Obj\app_operation_log.o
#        D:\1-WORK\ProjectFiles\PCBA_FCT\MasterMcu\build\IAR\Debug\Obj\app_popup.o
#        D:\1-WORK\ProjectFiles\PCBA_FCT\MasterMcu\build\IAR\Debug\Obj\app_scr_alarm.o
#        D:\1-WORK\ProjectFiles\PCBA_FCT\MasterMcu\build\IAR\Debug\Obj\app_scr_auto_clear_air.o
#        D:\1-WORK\ProjectFiles\PCBA_FCT\MasterMcu\build\IAR\Debug\Obj\app_scr_change_oled_brightness.o
#        D:\1-WORK\ProjectFiles\PCBA_FCT\MasterMcu\build\IAR\Debug\Obj\app_scr_change_password.o
#        D:\1-WORK\ProjectFiles\PCBA_FCT\MasterMcu\build\IAR\Debug\Obj\app_scr_change_voice_volume.o
#        D:\1-WORK\ProjectFiles\PCBA_FCT\MasterMcu\build\IAR\Debug\Obj\app_scr_event_handle.o
#        D:\1-WORK\ProjectFiles\PCBA_FCT\MasterMcu\build\IAR\Debug\Obj\app_scr_manual_clear_air.o
#        D:\1-WORK\ProjectFiles\PCBA_FCT\MasterMcu\build\IAR\Debug\Obj\app_scr_set_date.o
#        D:\1-WORK\ProjectFiles\PCBA_FCT\MasterMcu\build\IAR\Debug\Obj\app_scr_set_infusion_duration.o
#        D:\1-WORK\ProjectFiles\PCBA_FCT\MasterMcu\build\IAR\Debug\Obj\app_scr_set_infusion_speed.o
#        D:\1-WORK\ProjectFiles\PCBA_FCT\MasterMcu\build\IAR\Debug\Obj\app_scr_set_max_clean_tube_dose.o
#        D:\1-WORK\ProjectFiles\PCBA_FCT\MasterMcu\build\IAR\Debug\Obj\app_scr_set_peek_mode_duration.o
#        D:\1-WORK\ProjectFiles\PCBA_FCT\MasterMcu\build\IAR\Debug\Obj\app_scr_set_peek_mode_speed.o
#        D:\1-WORK\ProjectFiles\PCBA_FCT\MasterMcu\build\IAR\Debug\Obj\app_scr_set_time.o
#        D:\1-WORK\ProjectFiles\PCBA_FCT\MasterMcu\build\IAR\Debug\Obj\app_scr_set_total_dose.o
#        D:\1-WORK\ProjectFiles\PCBA_FCT\MasterMcu\build\IAR\Debug\Obj\app_scr_set_year.o
#        D:\1-WORK\ProjectFiles\PCBA_FCT\MasterMcu\build\IAR\Debug\Obj\app_scr_task_confirm.o
#        D:\1-WORK\ProjectFiles\PCBA_FCT\MasterMcu\build\IAR\Debug\Obj\app_select_popup.o
#        D:\1-WORK\ProjectFiles\PCBA_FCT\MasterMcu\build\IAR\Debug\Obj\app_set_menu.o
#        D:\1-WORK\ProjectFiles\PCBA_FCT\MasterMcu\build\IAR\Debug\Obj\app_sleep.o
#        D:\1-WORK\ProjectFiles\PCBA_FCT\MasterMcu\build\IAR\Debug\Obj\app_startup_and_post.o
#        D:\1-WORK\ProjectFiles\PCBA_FCT\MasterMcu\build\IAR\Debug\Obj\app_system_monitor.o
#        D:\1-WORK\ProjectFiles\PCBA_FCT\MasterMcu\build\IAR\Debug\Obj\battery_AC.o
#        D:\1-WORK\ProjectFiles\PCBA_FCT\MasterMcu\build\IAR\Debug\Obj\battery_empty.o
#        D:\1-WORK\ProjectFiles\PCBA_FCT\MasterMcu\build\IAR\Debug\Obj\battery_full.o
#        D:\1-WORK\ProjectFiles\PCBA_FCT\MasterMcu\build\IAR\Debug\Obj\battery_no.o
#        D:\1-WORK\ProjectFiles\PCBA_FCT\MasterMcu\build\IAR\Debug\Obj\battery_one.o
#        D:\1-WORK\ProjectFiles\PCBA_FCT\MasterMcu\build\IAR\Debug\Obj\battery_three.o
#        D:\1-WORK\ProjectFiles\PCBA_FCT\MasterMcu\build\IAR\Debug\Obj\battery_two.o
#        D:\1-WORK\ProjectFiles\PCBA_FCT\MasterMcu\build\IAR\Debug\Obj\clock.o
#        D:\1-WORK\ProjectFiles\PCBA_FCT\MasterMcu\build\IAR\Debug\Obj\com.o
#        D:\1-WORK\ProjectFiles\PCBA_FCT\MasterMcu\build\IAR\Debug\Obj\common.o
#        D:\1-WORK\ProjectFiles\PCBA_FCT\MasterMcu\build\IAR\Debug\Obj\config.o
#        D:\1-WORK\ProjectFiles\PCBA_FCT\MasterMcu\build\IAR\Debug\Obj\cpu_usage.o
#        D:\1-WORK\ProjectFiles\PCBA_FCT\MasterMcu\build\IAR\Debug\Obj\data.o
#        D:\1-WORK\ProjectFiles\PCBA_FCT\MasterMcu\build\IAR\Debug\Obj\dengxian_regular_14.o
#        D:\1-WORK\ProjectFiles\PCBA_FCT\MasterMcu\build\IAR\Debug\Obj\dev_def.o
#        D:\1-WORK\ProjectFiles\PCBA_FCT\MasterMcu\build\IAR\Debug\Obj\display.o
#        D:\1-WORK\ProjectFiles\PCBA_FCT\MasterMcu\build\IAR\Debug\Obj\do_before_main_loop.o
#        D:\1-WORK\ProjectFiles\PCBA_FCT\MasterMcu\build\IAR\Debug\Obj\drv_com.o
#        D:\1-WORK\ProjectFiles\PCBA_FCT\MasterMcu\build\IAR\Debug\Obj\drv_infusion_motor.o
#        D:\1-WORK\ProjectFiles\PCBA_FCT\MasterMcu\build\IAR\Debug\Obj\drv_interrupt.o
#        D:\1-WORK\ProjectFiles\PCBA_FCT\MasterMcu\build\IAR\Debug\Obj\drv_isd2360.o
#        D:\1-WORK\ProjectFiles\PCBA_FCT\MasterMcu\build\IAR\Debug\Obj\drv_key.o
#        D:\1-WORK\ProjectFiles\PCBA_FCT\MasterMcu\build\IAR\Debug\Obj\drv_lowpower.o
#        D:\1-WORK\ProjectFiles\PCBA_FCT\MasterMcu\build\IAR\Debug\Obj\drv_oled.o
#        D:\1-WORK\ProjectFiles\PCBA_FCT\MasterMcu\build\IAR\Debug\Obj\drv_rtc.o
#        D:\1-WORK\ProjectFiles\PCBA_FCT\MasterMcu\build\IAR\Debug\Obj\drv_sst25_flash.o
#        D:\1-WORK\ProjectFiles\PCBA_FCT\MasterMcu\build\IAR\Debug\Obj\drv_stf_motor.o
#        D:\1-WORK\ProjectFiles\PCBA_FCT\MasterMcu\build\IAR\Debug\Obj\dtimer.o
#        D:\1-WORK\ProjectFiles\PCBA_FCT\MasterMcu\build\IAR\Debug\Obj\error.o
#        D:\1-WORK\ProjectFiles\PCBA_FCT\MasterMcu\build\IAR\Debug\Obj\event.o
#        D:\1-WORK\ProjectFiles\PCBA_FCT\MasterMcu\build\IAR\Debug\Obj\exhaust.o
#        D:\1-WORK\ProjectFiles\PCBA_FCT\MasterMcu\build\IAR\Debug\Obj\exhaust_pause.o
#        D:\1-WORK\ProjectFiles\PCBA_FCT\MasterMcu\build\IAR\Debug\Obj\exhaust_run.o
#        D:\1-WORK\ProjectFiles\PCBA_FCT\MasterMcu\build\IAR\Debug\Obj\flush_max_dose_selected.o
#        D:\1-WORK\ProjectFiles\PCBA_FCT\MasterMcu\build\IAR\Debug\Obj\flush_max_dose_unselected.o
#        D:\1-WORK\ProjectFiles\PCBA_FCT\MasterMcu\build\IAR\Debug\Obj\font_data.o
#        D:\1-WORK\ProjectFiles\PCBA_FCT\MasterMcu\build\IAR\Debug\Obj\gpio.o
#        D:\1-WORK\ProjectFiles\PCBA_FCT\MasterMcu\build\IAR\Debug\Obj\greatest.o
#        D:\1-WORK\ProjectFiles\PCBA_FCT\MasterMcu\build\IAR\Debug\Obj\heiti_regular_60.o
#        D:\1-WORK\ProjectFiles\PCBA_FCT\MasterMcu\build\IAR\Debug\Obj\heiti_regular_88.o
#        D:\1-WORK\ProjectFiles\PCBA_FCT\MasterMcu\build\IAR\Debug\Obj\history_log.o
#        D:\1-WORK\ProjectFiles\PCBA_FCT\MasterMcu\build\IAR\Debug\Obj\image_data.o
#        D:\1-WORK\ProjectFiles\PCBA_FCT\MasterMcu\build\IAR\Debug\Obj\info_select.o
#        D:\1-WORK\ProjectFiles\PCBA_FCT\MasterMcu\build\IAR\Debug\Obj\info_unselect.o
#        D:\1-WORK\ProjectFiles\PCBA_FCT\MasterMcu\build\IAR\Debug\Obj\infusion_motor.o
#        D:\1-WORK\ProjectFiles\PCBA_FCT\MasterMcu\build\IAR\Debug\Obj\infusion_pause.o
#        D:\1-WORK\ProjectFiles\PCBA_FCT\MasterMcu\build\IAR\Debug\Obj\infusion_run.o
#        D:\1-WORK\ProjectFiles\PCBA_FCT\MasterMcu\build\IAR\Debug\Obj\infusion_stop.o
#        D:\1-WORK\ProjectFiles\PCBA_FCT\MasterMcu\build\IAR\Debug\Obj\init.o
#        D:\1-WORK\ProjectFiles\PCBA_FCT\MasterMcu\build\IAR\Debug\Obj\key.o
#        D:\1-WORK\ProjectFiles\PCBA_FCT\MasterMcu\build\IAR\Debug\Obj\led.o
#        D:\1-WORK\ProjectFiles\PCBA_FCT\MasterMcu\build\IAR\Debug\Obj\left_arrow.o
#        D:\1-WORK\ProjectFiles\PCBA_FCT\MasterMcu\build\IAR\Debug\Obj\lock.o
#        D:\1-WORK\ProjectFiles\PCBA_FCT\MasterMcu\build\IAR\Debug\Obj\logo.o
#        D:\1-WORK\ProjectFiles\PCBA_FCT\MasterMcu\build\IAR\Debug\Obj\main.o
#        D:\1-WORK\ProjectFiles\PCBA_FCT\MasterMcu\build\IAR\Debug\Obj\main_run.o
#        D:\1-WORK\ProjectFiles\PCBA_FCT\MasterMcu\build\IAR\Debug\Obj\mid_adc.o
#        D:\1-WORK\ProjectFiles\PCBA_FCT\MasterMcu\build\IAR\Debug\Obj\mid_common.o
#        D:\1-WORK\ProjectFiles\PCBA_FCT\MasterMcu\build\IAR\Debug\Obj\mid_rtc.o
#        D:\1-WORK\ProjectFiles\PCBA_FCT\MasterMcu\build\IAR\Debug\Obj\mode_selected.o
#        D:\1-WORK\ProjectFiles\PCBA_FCT\MasterMcu\build\IAR\Debug\Obj\mode_unselected.o
#        D:\1-WORK\ProjectFiles\PCBA_FCT\MasterMcu\build\IAR\Debug\Obj\msg.o
#        D:\1-WORK\ProjectFiles\PCBA_FCT\MasterMcu\build\IAR\Debug\Obj\mute.o
#        D:\1-WORK\ProjectFiles\PCBA_FCT\MasterMcu\build\IAR\Debug\Obj\mute_small.o
#        D:\1-WORK\ProjectFiles\PCBA_FCT\MasterMcu\build\IAR\Debug\Obj\new_task.o
#        D:\1-WORK\ProjectFiles\PCBA_FCT\MasterMcu\build\IAR\Debug\Obj\param.o
#        D:\1-WORK\ProjectFiles\PCBA_FCT\MasterMcu\build\IAR\Debug\Obj\peak_set_select.o
#        D:\1-WORK\ProjectFiles\PCBA_FCT\MasterMcu\build\IAR\Debug\Obj\peak_set_unselect.o
#        D:\1-WORK\ProjectFiles\PCBA_FCT\MasterMcu\build\IAR\Debug\Obj\pill_box_install_detect.o
#        D:\1-WORK\ProjectFiles\PCBA_FCT\MasterMcu\build\IAR\Debug\Obj\pressure_bubble_sensor.o
#        D:\1-WORK\ProjectFiles\PCBA_FCT\MasterMcu\build\IAR\Debug\Obj\read.o
#        D:\1-WORK\ProjectFiles\PCBA_FCT\MasterMcu\build\IAR\Debug\Obj\record_log.o
#        D:\1-WORK\ProjectFiles\PCBA_FCT\MasterMcu\build\IAR\Debug\Obj\record_log_text.o
#        D:\1-WORK\ProjectFiles\PCBA_FCT\MasterMcu\build\IAR\Debug\Obj\right_arrow.o
#        D:\1-WORK\ProjectFiles\PCBA_FCT\MasterMcu\build\IAR\Debug\Obj\run_all_test_suite.o
#        D:\1-WORK\ProjectFiles\PCBA_FCT\MasterMcu\build\IAR\Debug\Obj\run_test.o
#        D:\1-WORK\ProjectFiles\PCBA_FCT\MasterMcu\build\IAR\Debug\Obj\run_test_after_main.o
#        D:\1-WORK\ProjectFiles\PCBA_FCT\MasterMcu\build\IAR\Debug\Obj\scr_battery_calibration.o
#        D:\1-WORK\ProjectFiles\PCBA_FCT\MasterMcu\build\IAR\Debug\Obj\scr_clean_tube.o
#        D:\1-WORK\ProjectFiles\PCBA_FCT\MasterMcu\build\IAR\Debug\Obj\scr_factory_mode.o
#        D:\1-WORK\ProjectFiles\PCBA_FCT\MasterMcu\build\IAR\Debug\Obj\scr_layout.o
#        D:\1-WORK\ProjectFiles\PCBA_FCT\MasterMcu\build\IAR\Debug\Obj\scr_new_pressure_calibration.o
#        D:\1-WORK\ProjectFiles\PCBA_FCT\MasterMcu\build\IAR\Debug\Obj\scr_password_popup.o
#        D:\1-WORK\ProjectFiles\PCBA_FCT\MasterMcu\build\IAR\Debug\Obj\scr_precision_calibration.o
#        D:\1-WORK\ProjectFiles\PCBA_FCT\MasterMcu\build\IAR\Debug\Obj\scr_precision_factor.o
#        D:\1-WORK\ProjectFiles\PCBA_FCT\MasterMcu\build\IAR\Debug\Obj\scr_pressure_calibration.o
#        D:\1-WORK\ProjectFiles\PCBA_FCT\MasterMcu\build\IAR\Debug\Obj\scr_pressure_threshold.o
#        D:\1-WORK\ProjectFiles\PCBA_FCT\MasterMcu\build\IAR\Debug\Obj\scr_set_clean_tube_dose.o
#        D:\1-WORK\ProjectFiles\PCBA_FCT\MasterMcu\build\IAR\Debug\Obj\scr_sleep.o
#        D:\1-WORK\ProjectFiles\PCBA_FCT\MasterMcu\build\IAR\Debug\Obj\scr_tip_popup.o
#        D:\1-WORK\ProjectFiles\PCBA_FCT\MasterMcu\build\IAR\Debug\Obj\scr_unlock_tip.o
#        D:\1-WORK\ProjectFiles\PCBA_FCT\MasterMcu\build\IAR\Debug\Obj\screen.o
#        D:\1-WORK\ProjectFiles\PCBA_FCT\MasterMcu\build\IAR\Debug\Obj\select_1.o
#        D:\1-WORK\ProjectFiles\PCBA_FCT\MasterMcu\build\IAR\Debug\Obj\select_2.o
#        D:\1-WORK\ProjectFiles\PCBA_FCT\MasterMcu\build\IAR\Debug\Obj\selected_pointer.o
#        D:\1-WORK\ProjectFiles\PCBA_FCT\MasterMcu\build\IAR\Debug\Obj\set_arrow.o
#        D:\1-WORK\ProjectFiles\PCBA_FCT\MasterMcu\build\IAR\Debug\Obj\simple_alloc.o
#        D:\1-WORK\ProjectFiles\PCBA_FCT\MasterMcu\build\IAR\Debug\Obj\simple_alloc_config.o
#        D:\1-WORK\ProjectFiles\PCBA_FCT\MasterMcu\build\IAR\Debug\Obj\sound_pause.o
#        D:\1-WORK\ProjectFiles\PCBA_FCT\MasterMcu\build\IAR\Debug\Obj\spi.o
#        D:\1-WORK\ProjectFiles\PCBA_FCT\MasterMcu\build\IAR\Debug\Obj\ssz_algorithm.o
#        D:\1-WORK\ProjectFiles\PCBA_FCT\MasterMcu\build\IAR\Debug\Obj\ssz_block_file.o
#        D:\1-WORK\ProjectFiles\PCBA_FCT\MasterMcu\build\IAR\Debug\Obj\ssz_common.o
#        D:\1-WORK\ProjectFiles\PCBA_FCT\MasterMcu\build\IAR\Debug\Obj\ssz_config.o
#        D:\1-WORK\ProjectFiles\PCBA_FCT\MasterMcu\build\IAR\Debug\Obj\ssz_deque.o
#        D:\1-WORK\ProjectFiles\PCBA_FCT\MasterMcu\build\IAR\Debug\Obj\ssz_file.o
#        D:\1-WORK\ProjectFiles\PCBA_FCT\MasterMcu\build\IAR\Debug\Obj\ssz_gpio.o
#        D:\1-WORK\ProjectFiles\PCBA_FCT\MasterMcu\build\IAR\Debug\Obj\ssz_i2c.o
#        D:\1-WORK\ProjectFiles\PCBA_FCT\MasterMcu\build\IAR\Debug\Obj\ssz_list.o
#        D:\1-WORK\ProjectFiles\PCBA_FCT\MasterMcu\build\IAR\Debug\Obj\ssz_locale.o
#        D:\1-WORK\ProjectFiles\PCBA_FCT\MasterMcu\build\IAR\Debug\Obj\ssz_map.o
#        D:\1-WORK\ProjectFiles\PCBA_FCT\MasterMcu\build\IAR\Debug\Obj\ssz_nvram.o
#        D:\1-WORK\ProjectFiles\PCBA_FCT\MasterMcu\build\IAR\Debug\Obj\ssz_precision_tick_time.o
#        D:\1-WORK\ProjectFiles\PCBA_FCT\MasterMcu\build\IAR\Debug\Obj\ssz_queue.o
#        D:\1-WORK\ProjectFiles\PCBA_FCT\MasterMcu\build\IAR\Debug\Obj\ssz_record.o
#        D:\1-WORK\ProjectFiles\PCBA_FCT\MasterMcu\build\IAR\Debug\Obj\ssz_safe_queue.o
#        D:\1-WORK\ProjectFiles\PCBA_FCT\MasterMcu\build\IAR\Debug\Obj\ssz_sim_i2c.o
#        D:\1-WORK\ProjectFiles\PCBA_FCT\MasterMcu\build\IAR\Debug\Obj\ssz_simulator_bsp.o
#        D:\1-WORK\ProjectFiles\PCBA_FCT\MasterMcu\build\IAR\Debug\Obj\ssz_spi.o
#        D:\1-WORK\ProjectFiles\PCBA_FCT\MasterMcu\build\IAR\Debug\Obj\ssz_stack.o
#        D:\1-WORK\ProjectFiles\PCBA_FCT\MasterMcu\build\IAR\Debug\Obj\ssz_stm32_hal_bsp.o
#        D:\1-WORK\ProjectFiles\PCBA_FCT\MasterMcu\build\IAR\Debug\Obj\ssz_stop_watch.o
#        D:\1-WORK\ProjectFiles\PCBA_FCT\MasterMcu\build\IAR\Debug\Obj\ssz_str_utility.o
#        D:\1-WORK\ProjectFiles\PCBA_FCT\MasterMcu\build\IAR\Debug\Obj\ssz_tick_time.o
#        D:\1-WORK\ProjectFiles\PCBA_FCT\MasterMcu\build\IAR\Debug\Obj\ssz_time.o
#        D:\1-WORK\ProjectFiles\PCBA_FCT\MasterMcu\build\IAR\Debug\Obj\ssz_time_utility.o
#        D:\1-WORK\ProjectFiles\PCBA_FCT\MasterMcu\build\IAR\Debug\Obj\ssz_timer.o
#        D:\1-WORK\ProjectFiles\PCBA_FCT\MasterMcu\build\IAR\Debug\Obj\ssz_uart.o
#        D:\1-WORK\ProjectFiles\PCBA_FCT\MasterMcu\build\IAR\Debug\Obj\ssz_ui_config.o
#        D:\1-WORK\ProjectFiles\PCBA_FCT\MasterMcu\build\IAR\Debug\Obj\ssz_ui_view_config.o
#        D:\1-WORK\ProjectFiles\PCBA_FCT\MasterMcu\build\IAR\Debug\Obj\ssz_utility.o
#        D:\1-WORK\ProjectFiles\PCBA_FCT\MasterMcu\build\IAR\Debug\Obj\ssz_vector.o
#        D:\1-WORK\ProjectFiles\PCBA_FCT\MasterMcu\build\IAR\Debug\Obj\startup_stm32l152xc.o
#        D:\1-WORK\ProjectFiles\PCBA_FCT\MasterMcu\build\IAR\Debug\Obj\stm32l1xx_hal.o
#        D:\1-WORK\ProjectFiles\PCBA_FCT\MasterMcu\build\IAR\Debug\Obj\stm32l1xx_hal_adc.o
#        D:\1-WORK\ProjectFiles\PCBA_FCT\MasterMcu\build\IAR\Debug\Obj\stm32l1xx_hal_adc_ex.o
#        D:\1-WORK\ProjectFiles\PCBA_FCT\MasterMcu\build\IAR\Debug\Obj\stm32l1xx_hal_cortex.o
#        D:\1-WORK\ProjectFiles\PCBA_FCT\MasterMcu\build\IAR\Debug\Obj\stm32l1xx_hal_dma.o
#        D:\1-WORK\ProjectFiles\PCBA_FCT\MasterMcu\build\IAR\Debug\Obj\stm32l1xx_hal_flash.o
#        D:\1-WORK\ProjectFiles\PCBA_FCT\MasterMcu\build\IAR\Debug\Obj\stm32l1xx_hal_flash_ex.o
#        D:\1-WORK\ProjectFiles\PCBA_FCT\MasterMcu\build\IAR\Debug\Obj\stm32l1xx_hal_flash_ramfunc.o
#        D:\1-WORK\ProjectFiles\PCBA_FCT\MasterMcu\build\IAR\Debug\Obj\stm32l1xx_hal_gpio.o
#        D:\1-WORK\ProjectFiles\PCBA_FCT\MasterMcu\build\IAR\Debug\Obj\stm32l1xx_hal_msp.o
#        D:\1-WORK\ProjectFiles\PCBA_FCT\MasterMcu\build\IAR\Debug\Obj\stm32l1xx_hal_pwr.o
#        D:\1-WORK\ProjectFiles\PCBA_FCT\MasterMcu\build\IAR\Debug\Obj\stm32l1xx_hal_pwr_ex.o
#        D:\1-WORK\ProjectFiles\PCBA_FCT\MasterMcu\build\IAR\Debug\Obj\stm32l1xx_hal_rcc.o
#        D:\1-WORK\ProjectFiles\PCBA_FCT\MasterMcu\build\IAR\Debug\Obj\stm32l1xx_hal_rcc_ex.o
#        D:\1-WORK\ProjectFiles\PCBA_FCT\MasterMcu\build\IAR\Debug\Obj\stm32l1xx_hal_spi.o
#        D:\1-WORK\ProjectFiles\PCBA_FCT\MasterMcu\build\IAR\Debug\Obj\stm32l1xx_hal_spi_ex.o
#        D:\1-WORK\ProjectFiles\PCBA_FCT\MasterMcu\build\IAR\Debug\Obj\stm32l1xx_hal_tim.o
#        D:\1-WORK\ProjectFiles\PCBA_FCT\MasterMcu\build\IAR\Debug\Obj\stm32l1xx_hal_tim_ex.o
#        D:\1-WORK\ProjectFiles\PCBA_FCT\MasterMcu\build\IAR\Debug\Obj\stm32l1xx_hal_uart.o
#        D:\1-WORK\ProjectFiles\PCBA_FCT\MasterMcu\build\IAR\Debug\Obj\stm32l1xx_it.o
#        D:\1-WORK\ProjectFiles\PCBA_FCT\MasterMcu\build\IAR\Debug\Obj\stop_infusion.o
#        D:\1-WORK\ProjectFiles\PCBA_FCT\MasterMcu\build\IAR\Debug\Obj\stop_watch.o
#        D:\1-WORK\ProjectFiles\PCBA_FCT\MasterMcu\build\IAR\Debug\Obj\string_data.o
#        D:\1-WORK\ProjectFiles\PCBA_FCT\MasterMcu\build\IAR\Debug\Obj\sys_power.o
#        D:\1-WORK\ProjectFiles\PCBA_FCT\MasterMcu\build\IAR\Debug\Obj\system_setting.o
#        D:\1-WORK\ProjectFiles\PCBA_FCT\MasterMcu\build\IAR\Debug\Obj\system_stm32l1xx.o
#        D:\1-WORK\ProjectFiles\PCBA_FCT\MasterMcu\build\IAR\Debug\Obj\test_app_sleep.o
#        D:\1-WORK\ProjectFiles\PCBA_FCT\MasterMcu\build\IAR\Debug\Obj\test_data.o
#        D:\1-WORK\ProjectFiles\PCBA_FCT\MasterMcu\build\IAR\Debug\Obj\test_drv_lowpower.o
#        D:\1-WORK\ProjectFiles\PCBA_FCT\MasterMcu\build\IAR\Debug\Obj\test_drv_oled.o
#        D:\1-WORK\ProjectFiles\PCBA_FCT\MasterMcu\build\IAR\Debug\Obj\test_drv_rtc.o
#        D:\1-WORK\ProjectFiles\PCBA_FCT\MasterMcu\build\IAR\Debug\Obj\test_drv_sst25_flash.o
#        D:\1-WORK\ProjectFiles\PCBA_FCT\MasterMcu\build\IAR\Debug\Obj\test_hardware_ljl.o
#        D:\1-WORK\ProjectFiles\PCBA_FCT\MasterMcu\build\IAR\Debug\Obj\test_record_log.o
#        D:\1-WORK\ProjectFiles\PCBA_FCT\MasterMcu\build\IAR\Debug\Obj\test_ssz_algorithm.o
#        D:\1-WORK\ProjectFiles\PCBA_FCT\MasterMcu\build\IAR\Debug\Obj\test_ssz_str_utility.o
#        D:\1-WORK\ProjectFiles\PCBA_FCT\MasterMcu\build\IAR\Debug\Obj\test_ssz_time.o
#        D:\1-WORK\ProjectFiles\PCBA_FCT\MasterMcu\build\IAR\Debug\Obj\test_ssz_time_utility.o
#        D:\1-WORK\ProjectFiles\PCBA_FCT\MasterMcu\build\IAR\Debug\Obj\test_ui.o
#        D:\1-WORK\ProjectFiles\PCBA_FCT\MasterMcu\build\IAR\Debug\Obj\test_ui_view.o
#        D:\1-WORK\ProjectFiles\PCBA_FCT\MasterMcu\build\IAR\Debug\Obj\three_valve_motor.o
#        D:\1-WORK\ProjectFiles\PCBA_FCT\MasterMcu\build\IAR\Debug\Obj\tim.o
#        D:\1-WORK\ProjectFiles\PCBA_FCT\MasterMcu\build\IAR\Debug\Obj\time_select.o
#        D:\1-WORK\ProjectFiles\PCBA_FCT\MasterMcu\build\IAR\Debug\Obj\time_unselect.o
#        D:\1-WORK\ProjectFiles\PCBA_FCT\MasterMcu\build\IAR\Debug\Obj\timer.o
#        D:\1-WORK\ProjectFiles\PCBA_FCT\MasterMcu\build\IAR\Debug\Obj\ui_common.o
#        D:\1-WORK\ProjectFiles\PCBA_FCT\MasterMcu\build\IAR\Debug\Obj\ui_disp_text.o
#        D:\1-WORK\ProjectFiles\PCBA_FCT\MasterMcu\build\IAR\Debug\Obj\ui_draw.o
#        D:\1-WORK\ProjectFiles\PCBA_FCT\MasterMcu\build\IAR\Debug\Obj\ui_draw_base.o
#        D:\1-WORK\ProjectFiles\PCBA_FCT\MasterMcu\build\IAR\Debug\Obj\ui_draw_img.o
#        D:\1-WORK\ProjectFiles\PCBA_FCT\MasterMcu\build\IAR\Debug\Obj\ui_dynamic_list.o
#        D:\1-WORK\ProjectFiles\PCBA_FCT\MasterMcu\build\IAR\Debug\Obj\ui_image.o
#        D:\1-WORK\ProjectFiles\PCBA_FCT\MasterMcu\build\IAR\Debug\Obj\ui_image_list.o
#        D:\1-WORK\ProjectFiles\PCBA_FCT\MasterMcu\build\IAR\Debug\Obj\ui_lable.o
#        D:\1-WORK\ProjectFiles\PCBA_FCT\MasterMcu\build\IAR\Debug\Obj\ui_list_base.o
#        D:\1-WORK\ProjectFiles\PCBA_FCT\MasterMcu\build\IAR\Debug\Obj\ui_list_pos_indicator.o
#        D:\1-WORK\ProjectFiles\PCBA_FCT\MasterMcu\build\IAR\Debug\Obj\ui_normal_list_base.o
#        D:\1-WORK\ProjectFiles\PCBA_FCT\MasterMcu\build\IAR\Debug\Obj\ui_number_edit.o
#        D:\1-WORK\ProjectFiles\PCBA_FCT\MasterMcu\build\IAR\Debug\Obj\ui_page_control.o
#        D:\1-WORK\ProjectFiles\PCBA_FCT\MasterMcu\build\IAR\Debug\Obj\ui_progress_bar.o
#        D:\1-WORK\ProjectFiles\PCBA_FCT\MasterMcu\build\IAR\Debug\Obj\ui_statusbar.o
#        D:\1-WORK\ProjectFiles\PCBA_FCT\MasterMcu\build\IAR\Debug\Obj\ui_text_base.o
#        D:\1-WORK\ProjectFiles\PCBA_FCT\MasterMcu\build\IAR\Debug\Obj\ui_text_list.o
#        D:\1-WORK\ProjectFiles\PCBA_FCT\MasterMcu\build\IAR\Debug\Obj\ui_utility.o
#        D:\1-WORK\ProjectFiles\PCBA_FCT\MasterMcu\build\IAR\Debug\Obj\ui_view.o
#        D:\1-WORK\ProjectFiles\PCBA_FCT\MasterMcu\build\IAR\Debug\Obj\ui_window.o
#        D:\1-WORK\ProjectFiles\PCBA_FCT\MasterMcu\build\IAR\Debug\Obj\unselected_pointer.o
#        D:\1-WORK\ProjectFiles\PCBA_FCT\MasterMcu\build\IAR\Debug\Obj\usart.o
#        D:\1-WORK\ProjectFiles\PCBA_FCT\MasterMcu\build\IAR\Debug\Obj\version.o
#        D:\1-WORK\ProjectFiles\PCBA_FCT\MasterMcu\build\IAR\Debug\Obj\vibrater_motor.o
#        D:\1-WORK\ProjectFiles\PCBA_FCT\MasterMcu\build\IAR\Debug\Obj\voice.o
#        D:\1-WORK\ProjectFiles\PCBA_FCT\MasterMcu\build\IAR\Debug\Obj\warning.o
#        D:\1-WORK\ProjectFiles\PCBA_FCT\MasterMcu\build\IAR\Debug\Obj\warning_common.o
#        D:\1-WORK\ProjectFiles\PCBA_FCT\MasterMcu\build\IAR\Debug\Obj\write.o
#        --no_out_extension -o
#        D:\1-WORK\ProjectFiles\PCBA_FCT\MasterMcu\build\IAR\Debug\Exe\Chemo-PumpV1_0_master.out
#        --map
#        D:\1-WORK\ProjectFiles\PCBA_FCT\MasterMcu\build\IAR\Debug\List\Chemo-PumpV1_0_master.map
#        --config
#        D:\1-WORK\ProjectFiles\PCBA_FCT\MasterMcu\build\IAR\Chemo-PumpV1_0_master.icf
#        --semihosting --entry __iar_program_start --vfe --text_out locale)
#
###############################################################################

*******************************************************************************
*** RUNTIME MODEL ATTRIBUTES
***

CppFlavor        = *
__CPP_Exceptions = Disabled
__CPP_Language   = C++14
__Heap_Handler   = DLMalloc
__SystemLibrary  = DLib
__dlib_version   = 6


*******************************************************************************
*** HEAP SELECTION
***

The advanced heap was selected because the application calls memory
allocation functions outside of system library functions, and there
are calls to deallocation functions in the application.


*******************************************************************************
*** PLACEMENT SUMMARY
***

"A0":  place at address 0x800'0000 { ro section .intvec };
"P1":  place in [from 0x800'0000 to 0x803'ffff] { ro };
define block CSTACK with size = 4K, alignment = 8 { };
define block HEAP with size = 1K, alignment = 8 { };
"P2":  place in [from 0x2000'0000 to 0x2000'7fff] {
          rw, block CSTACK, block HEAP };
initialize by copy { rw };

No sections matched the following patterns:

  section .eeprom  in "P3"


  Section            Kind         Address      Size  Object
  -------            ----         -------      ----  ------
"A0":                                         0x124
  .intvec            ro code   0x800'0000     0x124  startup_stm32l152xc.o [1]
                             - 0x800'0124     0x124

"P1":                                      0x3'4b9e
  .text              ro code   0x800'0124    0x2418  app_cmd.o [1]
  .text              ro code   0x800'253c     0x14c  com.o [1]
  .text              ro code   0x800'2688     0x212  ssz_file.o [1]
  .text              ro code   0x800'289a      0x3a  zero_init3.o [5]
  .text              ro code   0x800'28d4      0x18  strcpy.o [5]
  .text              ro code   0x800'28ec      0x28  printf.o [2]
  .text              ro code   0x800'2914      0x20  putchar.o [2]
  .text              ro code   0x800'2934      0x36  strlen.o [5]
  .text              ro code   0x800'296a      0x1a  xsnprout.o [2]
  .text              ro code   0x800'2984      0x12  strcmp.o [5]
  .text              ro code   0x800'2996       0xa  xsprout.o [2]
  .text              ro code   0x800'29a0     0x150  iar_Stoulx.o [2]
  .text              ro code   0x800'2af0     0x22c  timer.o [1]
  .text              ro code   0x800'2d1c      0x94  stop_watch.o [1]
  .text              ro code   0x800'2db0      0x28  common.o [1]
  .text              ro code   0x800'2dd8      0x9c  ssz_config.o [1]
  .text              ro code   0x800'2e74     0x458  app_mcu_comm.o [1]
  .text              ro code   0x800'32cc      0x34  version.o [1]
  .text              ro code   0x800'3300     0x104  ssz_tick_time.o [1]
  .text              ro code   0x800'3404     0x3dc  ssz_time_utility.o [1]
  .text              ro code   0x800'37e0     0x188  cpu_usage.o [1]
  .text              ro code   0x800'3968      0xa4  ssz_time.o [1]
  .text              ro code   0x800'3a0c     0x1e0  mid_rtc.o [1]
  .text              ro code   0x800'3bec     0x56c  drv_rtc.o [1]
  .text              ro code   0x800'4158     0x5d4  stm32l1xx_hal_gpio.o [1]
  .text              ro code   0x800'472c     0x284  drv_stf_motor.o [1]
  .text              ro code   0x800'49b0     0x228  ssz_stm32_hal_bsp.o [1]
  .text              ro code   0x800'4bd8      0x98  pill_box_install_detect.o [1]
  .text              ro code   0x800'4c70      0x5a  pressure_bubble_sensor.o [1]
  .rodata            const     0x800'4cca       0x2  scr_factory_mode.o [1]
  .text              ro code   0x800'4ccc      0x58  drv_key.o [1]
  .text              ro code   0x800'4d24     0x15c  sys_power.o [1]
  .text              ro code   0x800'4e80     0x16c  mid_adc.o [1]
  .text              ro code   0x800'4fec     0xa70  data.o [1]
  .text              ro code   0x800'5a5c      0x70  mid_common.o [1]
  .text              ro code   0x800'5acc      0x66  ABImemset.o [5]
  .rodata            const     0x800'5b32       0x2  scr_sleep.o [1]
  .text              ro code   0x800'5b34      0x22  S32ToDbl.o [4]
  .text              ro code   0x800'5b56       0x2  ui_page_control.o [1]
  .text              ro code   0x800'5b58     0x246  DblDiv.o [4]
  .rodata            const     0x800'5d9e       0x1  app_cmd.o [1]
  .rodata            const     0x800'5d9f       0x1  app_cmd.o [1]
  .text              ro code   0x800'5da0      0x3a  DblToS32.o [4]
  .rodata            const     0x800'5dda       0x1  drv_isd2360.o [1]
  .rodata            const     0x800'5ddb       0x1  string_data.o [1]
  .text              ro code   0x800'5ddc     0x350  param.o [1]
  .text              ro code   0x800'612c     0x58c  record_log.o [1]
  .text              ro code   0x800'66b8     0x1d0  record_log_text.o [1]
  .text              ro code   0x800'6888     0x2b2  ssz_str_utility.o [1]
  .rodata            const     0x800'6b3a       0x1  unselected_pointer.o [1]
  .rodata            const     0x800'6b3b       0x1  unwind_debug.o [6]
  .text              ro code   0x800'6b3c     0x7dc  drv_sst25_flash.o [1]
  .text              ro code   0x800'7318     0x55c  ssz_nvram.o [1]
  .text              ro code   0x800'7874     0x63c  ui_draw.o [1]
  .text              ro code   0x800'7eb0     0x2ac  display.o [1]
  .text              ro code   0x800'815c     0x12c  ssz_common.o [1]
  .text              ro code   0x800'8288    0x15b2  app_delivery.o [1]
  .text              ro code   0x800'983c     0x6ee  infusion_motor.o [1]
  .text              ro code   0x800'9f2c     0x814  three_valve_motor.o [1]
  .text              ro code   0x800'a740     0x3a0  drv_isd2360.o [1]
  .text              ro code   0x800'aae0     0x588  drv_oled.o [1]
  .text              ro code   0x800'b068     0x54c  app_main_menu.o [1]
  .text              ro code   0x800'b5b4     0x134  drv_infusion_motor.o [1]
  .text              ro code   0x800'b6e8      0x4c  vibrater_motor.o [1]
  .text              ro code   0x800'b734      0xa6  ABImemcpy.o [5]
  .text              ro code   0x800'b7dc     0x4ac  app_common.o [1]
  .text              ro code   0x800'bc88     0x138  do_before_main_loop.o [1]
  .text              ro code   0x800'bdc0     0x144  app_mcu_monitor.o [1]
  .text              ro code   0x800'bf04     0x6ac  drv_lowpower.o [1]
  .text              ro code   0x800'c5b0     0x10c  scr_sleep.o [1]
  .text              ro code   0x800'c6bc     0x7f4  screen.o [1]
  .text              ro code   0x800'ceb0     0x3b4  tim.o [1]
  .text              ro code   0x800'd264    0x119c  stm32l1xx_hal_tim.o [1]
  .text              ro code   0x800'e400     0x40c  alarm.o [1]
  .text              ro code   0x800'e80c     0x210  app_system_monitor.o [1]
  .text              ro code   0x800'ea1c      0x16  strchr.o [5]
  .text              ro code   0x800'ea34      0x35  puts.o [2]
  .text              ro code   0x800'ea6a      0x28  strncmp.o [2]
  .text              ro code   0x800'ea94     0xfaa  xprintffull_nomb.o [2]
  .text              ro code   0x800'fa40      0x5c  write.o [1]
  .text              ro code   0x800'fa9c      0x58  memchr.o [5]
  .text              ro code   0x800'faf4     0x174  ssz_stop_watch.o [1]
  .text              ro code   0x800'fc68      0x24  ABIassert.o [6]
  .text              ro code   0x800'fc8c      0x68  memcmp.o [5]
  .text              ro code   0x800'fcf4      0x44  snprintf.o [2]
  .text              ro code   0x800'fd38      0xa0  ssz_precision_tick_time.o [1]
  .text              ro code   0x800'fdd8      0x1a  U32ToDbl.o [4]
  .text              ro code   0x800'fdf4     0x17a  DblAdd.o [4]
  .text              ro code   0x800'ff70     0x14c  msg.o [1]
  .text              ro code   0x801'00bc     0x468  ssz_sim_i2c.o [1]
  .text              ro code   0x801'0524      0x80  ssz_utility.o [1]
  .text              ro code   0x801'05a4      0xf0  main.o [1]
  .text              ro code   0x801'0694     0x22c  drv_interrupt.o [1]
  .text              ro code   0x801'08c0     0x8ac  stm32l1xx_hal_spi.o [1]
  .text              ro code   0x801'116c     0x93c  stm32l1xx_hal_uart.o [1]
  .text              ro code   0x801'1aa8      0x28  ssz_gpio.o [1]
  .text              ro code   0x801'1ad0     0xb38  stm32l1xx_hal_adc.o [1]
  .text              ro code   0x801'2608     0x4ea  ssz_block_file.o [1]
  .text              ro code   0x801'2af4     0x8a0  ssz_record.o [1]
  .text              ro code   0x801'3394     0x1a2  DblMul.o [4]
  .text              ro code   0x801'3538      0x68  DblToFlt.o [4]
  .text              ro code   0x801'35a0     0x12c  string_data.o [1]
  .text              ro code   0x801'36cc       0xa  isdigit.o [2]
  .text              ro code   0x801'36d8      0xb0  ssz_spi.o [1]
  .text              ro code   0x801'3788      0x3c  ssz_algorithm.o [1]
  .text              ro code   0x801'37c4     0x1fe  ui_utility.o [1]
  .text              ro code   0x801'39c4      0x28  ssz_ui_config.o [1]
  .text              ro code   0x801'39ec      0xfc  event.o [1]
  .text              ro code   0x801'3ae8      0x2a  FltToS32.o [4]
  .text              ro code   0x801'3b14      0x24  S32ToFlt.o [4]
  .text              ro code   0x801'3b38      0x80  FltSub.o [4]
  .text              ro code   0x801'3bb8      0xe2  FltAdd.o [4]
  .text              ro code   0x801'3c9c      0x24  FltCmpGe.o [4]
  .text              ro code   0x801'3cc0      0x48  FltToDbl.o [4]
  .text              ro code   0x801'3d08     0x224  spi.o [1]
  .text              ro code   0x801'3f2c     0x1e8  scr_clean_tube.o [1]
  .text              ro code   0x801'4114     0x2bc  app_alternative_popup.o [1]
  .text              ro code   0x801'43d0     0x368  app_scr_manual_clear_air.o [1]
  .text              ro code   0x801'4738     0x1cc  app_scr_set_total_dose.o [1]
  .text              ro code   0x801'4904     0x34e  app_popup.o [1]
  .text              ro code   0x801'4c54     0xc92  ui_view.o [1]
  .text              ro code   0x801'58e8     0x546  ui_list_base.o [1]
  .text              ro code   0x801'5e30     0x3f0  scr_password_popup.o [1]
  .text              ro code   0x801'6220     0x408  app_set_menu.o [1]
  .text              ro code   0x801'6628     0x21c  app_history_log.o [1]
  .text              ro code   0x801'6844     0x15e  ui_text_list.o [1]
  .text              ro code   0x801'69a4      0x1c  image_data.o [1]
  .text              ro code   0x801'69c0     0x154  ui_image_list.o [1]
  .text              ro code   0x801'6b14     0x1b0  ui_page_control.o [1]
  .text              ro code   0x801'6cc4     0x840  key.o [1]
  .text              ro code   0x801'7504       0x4  ui_view.o [1]
  .text              ro code   0x801'7508     0x3ec  scr_factory_mode.o [1]
  .text              ro code   0x801'78f4     0x30c  ui_common.o [1]
  .text              ro code   0x801'7c00     0x484  ui_statusbar.o [1]
  .text              ro code   0x801'8084      0x3c  alarm_play.o [1]
  .text              ro code   0x801'80c0      0xe2  DblSub.o [4]
  .text              ro code   0x801'81a4      0x44  dtimer.o [1]
  .text              ro code   0x801'81e8     0x1b2  app_startup_and_post.o [1]
  .text              ro code   0x801'839c     0x4ec  app_home.o [1]
  .text              ro code   0x801'8888     0x16c  app_check_last_infuse.o [1]
  .text              ro code   0x801'89f4     0x204  stm32l1xx_hal_cortex.o [1]
  .text              ro code   0x801'8bf8      0xf0  voice.o [1]
  .text              ro code   0x801'8ce8     0x124  adc.o [1]
  .text              ro code   0x801'8e0c     0xf6c  stm32l1xx_hal_rcc.o [1]
  .text              ro code   0x801'9d78     0x128  system_stm32l1xx.o [1]
  .text              ro code   0x801'9ea0      0x16  stm32l1xx_hal.o [1]
  .text              ro code   0x801'9eb8      0x80  stm32l1xx_hal_pwr.o [1]
  .text              ro code   0x801'9f38      0x30  stm32l1xx_hal_pwr_ex.o [1]
  .text              ro code   0x801'9f68      0x10  stm32l1xx_hal.o [1]
  .text              ro code   0x801'9f78     0x298  gpio.o [1]
  .text              ro code   0x801'a210     0x228  usart.o [1]
  .text              ro code   0x801'a438     0x2c0  drv_com.o [1]
  .text              ro code   0x801'a6f8     0x140  led.o [1]
  .text              ro code   0x801'a838       0x2  dev_def.o [1]
  .text              ro code   0x801'a83c     0x80c  ssz_list.o [1]
  .text              ro code   0x801'b048      0x6c  ui_window.o [1]
  .text              ro code   0x801'b0b4       0x4  heaptramp0.o [2]
  .text              ro code   0x801'b0b8    0x149c  dlmalloc.o [2]
  .text              ro code   0x801'c554     0x108  stm32l1xx_hal_tim_ex.o [1]
  .text              ro code   0x801'c65c       0x2  stm32l1xx_hal_tim.o [1]
  .text              ro code   0x801'c65e       0x2  stm32l1xx_hal_tim.o [1]
  .text              ro code   0x801'c660       0x2  stm32l1xx_hal_tim.o [1]
  .text              ro code   0x801'c662       0x2  stm32l1xx_hal_tim.o [1]
  .text              ro code   0x801'c664      0x40  xfail_s.o [2]
  .text              ro code   0x801'c6a4      0x70  frexp.o [4]
  .text              ro code   0x801'c714      0x2e  DblCmpLe.o [4]
  .text              ro code   0x801'c744      0x2e  DblCmpGe.o [4]
  .text              ro code   0x801'c774     0x13a  ldexp.o [4]
  .text              ro code   0x801'c8b0      0x28  DblToU32.o [4]
  .text              ro code   0x801'c8d8     0x230  I64DivMod.o [5]
  .text              ro code   0x801'cb08       0x6  abort.o [2]
  .text              ro code   0x801'cb0e      0x38  ssz_queue.o [1]
  .text              ro code   0x801'cb48     0x764  ssz_deque.o [1]
  .text              ro code   0x801'd2ac      0xdc  main_run.o [1]
  .text              ro code   0x801'd388       0xc  stm32l1xx_hal.o [1]
  .text              ro code   0x801'd394       0x2  stm32l1xx_hal_uart.o [1]
  .text              ro code   0x801'd396       0x2  stm32l1xx_hal_uart.o [1]
  .text              ro code   0x801'd398      0x28  strncat.o [2]
  .text              ro code   0x801'd3c0     0x1d8  stm32l1xx_hal_spi_ex.o [1]
  .text              ro code   0x801'd598     0x1c4  ui_image.o [1]
  .text              ro code   0x801'd75c     0x104  ui_progress_bar.o [1]
  .text              ro code   0x801'd860      0xc0  scr_layout.o [1]
  .text              ro code   0x801'd920      0xa6  font_data.o [1]
  .text              ro code   0x801'd9c8     0x3bc  ui_disp_text.o [1]
  .text              ro code   0x801'dd84      0xc8  simple_alloc.o [1]
  .text              ro code   0x801'de4c      0x28  ui_draw_base.o [1]
  .text              ro code   0x801'de74      0xc6  ui_text_base.o [1]
  .text              ro code   0x801'df3a       0x4  scr_set_clean_tube_dose.o [1]
  .text              ro code   0x801'df40     0x264  scr_set_clean_tube_dose.o [1]
  .text              ro code   0x801'e1a4     0x2cc  ui_number_edit.o [1]
  .text              ro code   0x801'e470      0xae  ui_lable.o [1]
  .text              ro code   0x801'e51e      0x10  ui_view.o [1]
  .text              ro code   0x801'e52e      0x10  ui_view.o [1]
  .text              ro code   0x801'e53e       0x4  ui_view.o [1]
  .text              ro code   0x801'e544     0x258  ssz_ui_view_config.o [1]
  .text              ro code   0x801'e79c      0xd8  ssz_timer.o [1]
  .text              ro code   0x801'e874      0x12  ui_view.o [1]
  .text              ro code   0x801'e886       0x4  ui_view.o [1]
  .text              ro code   0x801'e88a       0x4  ui_view.o [1]
  .text              ro code   0x801'e890     0x448  app_scr_set_time.o [1]
  .text              ro code   0x801'ecd8     0x1e8  app_scr_set_max_clean_tube_dose.o [1]
  .text              ro code   0x801'eec0     0x162  ui_list_pos_indicator.o [1]
  .text              ro code   0x801'f022       0x8  ui_text_list.o [1]
  .text              ro code   0x801'f02c     0x1d0  ssz_vector.o [1]
  .text              ro code   0x801'f1fc      0xe8  ui_draw_img.o [1]
  .text              ro code   0x801'f2e4     0x6d4  scr_new_pressure_calibration.o [1]
  .text              ro code   0x801'f9b8     0x45c  scr_precision_calibration.o [1]
  .text              ro code   0x801'fe14     0x1e8  scr_battery_calibration.o [1]
  .text              ro code   0x801'fffc     0x344  app_scr_change_password.o [1]
  .text              ro code   0x802'0340     0x1f4  app_scr_change_oled_brightness.o [1]
  .text              ro code   0x802'0534     0x21c  app_operation_log.o [1]
  .text              ro code   0x802'0750     0x1e8  scr_pressure_threshold.o [1]
  .text              ro code   0x802'0938     0x208  scr_precision_factor.o [1]
  .text              ro code   0x802'0b40      0x40  sprintf.o [2]
  .text              ro code   0x802'0b80      0x28  stm32l1xx_hal.o [1]
  .text              ro code   0x802'0ba8      0xa0  stm32l1xx_hal_msp.o [1]
  .text              ro code   0x802'0c48     0x108  ssz_safe_queue.o [1]
  .text              ro code   0x802'0d50      0x2c  xgetmemchunk.o [2]
  .text              ro code   0x802'0d7c       0x2  I64DivZer.o [5]
  .text              ro code   0x802'0d80      0x14  exit.o [6]
  .text              ro code   0x802'0d94     0x1f0  init.o [1]
  .text              ro code   0x802'0f84       0x2  run_test_after_main.o [1]
  .text              ro code   0x802'0f88     0x668  app_scr_set_infusion_duration.o [1]
  .text              ro code   0x802'15f0     0x4f8  app_scr_set_infusion_speed.o [1]
  .text              ro code   0x802'1ae8       0x4  ssz_ui_view_config.o [1]
  .text              ro code   0x802'1aec     0x648  app_scr_set_date.o [1]
  .text              ro code   0x802'2134      0x18  ui_text_list.o [1]
  .text              ro code   0x802'214c      0x44  simple_alloc_config.o [1]
  .text              ro code   0x802'2190      0x1c  ssz_locale.o [1]
  .text              ro code   0x802'21ac      0x20  app_motor_monitor.o [1]
  .text              ro code   0x802'21cc     0x278  app_scr_event_handle.o [1]
  .text              ro code   0x802'2444     0x114  app_key_event_handle.o [1]
  .text              ro code   0x802'2558       0x2  app_alarm_event_handle.o [1]
  .text              ro code   0x802'255c     0x494  app_infusion_event_handle.o [1]
  .text              ro code   0x802'29f0     0x4dc  app_msg_handle.o [1]
  .text              ro code   0x802'2ecc     0x9d4  app_infusion_monitor.o [1]
  .text              ro code   0x802'38a0     0x288  app_scr_set_peek_mode_duration.o [1]
  .text              ro code   0x802'3b28     0x7e8  app_scr_task_confirm.o [1]
  .text              ro code   0x802'4310      0x24  FltCmpLe.o [4]
  .text              ro code   0x802'4334      0xd8  FltMul.o [4]
  .text              ro code   0x802'440c      0xfc  FltDiv.o [4]
  .text              ro code   0x802'4508     0x1b0  app_scr_set_year.o [1]
  .text              ro code   0x802'46b8     0x144  scr_unlock_tip.o [1]
  .text              ro code   0x802'47fc     0x268  scr_tip_popup.o [1]
  .text              ro code   0x802'4a64     0x1d8  app_sleep.o [1]
  .text              ro code   0x802'4c3c     0x358  app_scr_set_peek_mode_speed.o [1]
  .rodata            const     0x802'4f94     0x8d8  dengxian_regular_14.o [1]
  .rodata            const     0x802'586c     0x538  string_data.o [1]
  .rodata            const     0x802'5da4     0x400  ssz_algorithm.o [1]
  .rodata            const     0x802'61a4     0x3d8  app_cmd.o [1]
  .rodata            const     0x802'657c     0x210  heiti_regular_88.o [1]
  .rodata            const     0x802'678c     0x210  heiti_regular_88.o [1]
  .rodata            const     0x802'699c     0x210  heiti_regular_88.o [1]
  .rodata            const     0x802'6bac     0x210  heiti_regular_88.o [1]
  .rodata            const     0x802'6dbc     0x210  heiti_regular_88.o [1]
  .rodata            const     0x802'6fcc     0x210  heiti_regular_88.o [1]
  .rodata            const     0x802'71dc     0x210  heiti_regular_88.o [1]
  .rodata            const     0x802'73ec     0x210  heiti_regular_88.o [1]
  .rodata            const     0x802'75fc     0x210  heiti_regular_88.o [1]
  .rodata            const     0x802'780c     0x210  heiti_regular_88.o [1]
  .rodata            const     0x802'7a1c     0x210  heiti_regular_88.o [1]
  .rodata            const     0x802'7c2c     0x210  heiti_regular_88.o [1]
  .rodata            const     0x802'7e3c     0x210  heiti_regular_88.o [1]
  .rodata            const     0x802'804c     0x204  image_data.o [1]
  .rodata            const     0x802'8250     0x1e0  select_1.o [1]
  .rodata            const     0x802'8430     0x1e0  select_2.o [1]
  .rodata            const     0x802'8610     0x1c4  app_cmd.o [1]
  .rodata            const     0x802'87d4     0x1c0  app_cmd.o [1]
  .rodata            const     0x802'8994     0x1bc  logo.o [1]
  .rodata            const     0x802'8b50     0x100  app_cmd.o [1]
  .rodata            const     0x802'8c50      0xf0  heiti_regular_60.o [1]
  .rodata            const     0x802'8d40      0xf0  heiti_regular_60.o [1]
  .rodata            const     0x802'8e30      0xf0  heiti_regular_60.o [1]
  .rodata            const     0x802'8f20      0xf0  heiti_regular_60.o [1]
  .rodata            const     0x802'9010      0xf0  heiti_regular_60.o [1]
  .rodata            const     0x802'9100      0xf0  heiti_regular_60.o [1]
  .rodata            const     0x802'91f0      0xf0  heiti_regular_60.o [1]
  .rodata            const     0x802'92e0      0xf0  heiti_regular_60.o [1]
  .rodata            const     0x802'93d0      0xf0  heiti_regular_60.o [1]
  .rodata            const     0x802'94c0      0xf0  heiti_regular_60.o [1]
  .rodata            const     0x802'95b0      0xf0  heiti_regular_60.o [1]
  .rodata            const     0x802'96a0      0xf0  heiti_regular_60.o [1]
  .rodata            const     0x802'9790      0xf0  heiti_regular_60.o [1]
  .rodata            const     0x802'9880      0xf0  heiti_regular_60.o [1]
  .rodata            const     0x802'9970      0xc8  flush_max_dose_selected.o [1]
  .rodata            const     0x802'9a38      0xc8  flush_max_dose_unselected.o [1]
  .rodata            const     0x802'9b00      0xc8  info_select.o [1]
  .rodata            const     0x802'9bc8      0xc8  info_unselect.o [1]
  .rodata            const     0x802'9c90      0xc8  mode_selected.o [1]
  .rodata            const     0x802'9d58      0xc8  mode_unselected.o [1]
  .rodata            const     0x802'9e20      0xc8  peak_set_select.o [1]
  .rodata            const     0x802'9ee8      0xc8  peak_set_unselect.o [1]
  .rodata            const     0x802'9fb0      0xc8  time_select.o [1]
  .rodata            const     0x802'a078      0xc8  time_unselect.o [1]
  .rodata            const     0x802'a140      0xc0  app_home.o [1]
  .text              ro code   0x802'a200      0xc0  stm32l1xx_it.o [1]
  .text              ro code   0x802'a2c0      0x10  stm32l1xx_hal.o [1]
  .rodata            const     0x802'a2d0      0xb8  data.o [1]
  .rodata            const     0x802'a388      0xb8  exhaust.o [1]
  .rodata            const     0x802'a440      0xb8  history_log.o [1]
  .rodata            const     0x802'a4f8      0xb8  new_task.o [1]
  .rodata            const     0x802'a5b0      0xb8  stop_infusion.o [1]
  .rodata            const     0x802'a668      0xb8  system_setting.o [1]
  .rodata            const     0x802'a720      0xb4  app_scr_set_peek_mode_duration.o [1]
  .rodata            const     0x802'a7d4      0xb4  error.o [1]
  .rodata            const     0x802'a888      0xb4  warning.o [1]
  .rodata            const     0x802'a93c      0xb4  warning_common.o [1]
  .rodata            const     0x802'a9f0      0xac  scr_new_pressure_calibration.o [1]
  .rodata            const     0x802'aa9c      0xa4  app_cmd.o [1]
  .rodata            const     0x802'ab40      0xa4  ssz_record.o [1]
  .rodata            const     0x802'abe4      0xa0  ssz_ui_view_config.o [1]
  .rodata            const     0x802'ac84      0x98  app_cmd.o [1]
  .rodata            const     0x802'ad1c      0x98  drv_sst25_flash.o [1]
  .text              ro code   0x802'adb4      0x98  ui_normal_list_base.o [1]
  .rodata            const     0x802'ae4c      0x88  app_scr_set_infusion_duration.o [1]
  .rodata            const     0x802'aed4      0x88  app_scr_set_infusion_speed.o [1]
  .rodata            const     0x802'af5c      0x88  app_scr_set_peek_mode_speed.o [1]
  .rodata            const     0x802'afe4      0x84  app_cmd.o [1]
  .rodata            const     0x802'b068      0x80  data.o [1]
  .rodata            const     0x802'b0e8      0x80  ssz_nvram.o [1]
  .rodata            const     0x802'b168      0x78  ssz_record.o [1]
  .text              ro code   0x802'b1e0      0x78  lz77_init_single.o [5]
  .rodata            const     0x802'b258      0x74  scr_battery_calibration.o [1]
  .rodata            const     0x802'b2cc      0x74  scr_precision_calibration.o [1]
  .rodata            const     0x802'b340      0x74  stm32l1xx_hal_cortex.o [1]
  .rodata            const     0x802'b3b4      0x74  stm32l1xx_hal_spi_ex.o [1]
  .rodata            const     0x802'b428      0x74  stm32l1xx_hal_tim_ex.o [1]
  .rodata            const     0x802'b49c      0x70  heiti_regular_60.o [1]
  .rodata            const     0x802'b50c      0x70  stm32l1xx_hal_adc.o [1]
  .rodata            const     0x802'b57c      0x70  stm32l1xx_hal_gpio.o [1]
  .rodata            const     0x802'b5ec      0x70  stm32l1xx_hal_pwr.o [1]
  .rodata            const     0x802'b65c      0x70  stm32l1xx_hal_rcc.o [1]
  .rodata            const     0x802'b6cc      0x70  stm32l1xx_hal_spi.o [1]
  .rodata            const     0x802'b73c      0x70  stm32l1xx_hal_tim.o [1]
  .rodata            const     0x802'b7ac      0x70  stm32l1xx_hal_uart.o [1]
  .rodata            const     0x802'b81c      0x68  app_cmd.o [1]
  .rodata            const     0x802'b884      0x68  app_scr_task_confirm.o [1]
  .rodata            const     0x802'b8ec      0x68  heiti_regular_88.o [1]
  .rodata            const     0x802'b954      0x64  app_cmd.o [1]
  .rodata            const     0x802'b9b8      0x64  key.o [1]
  .rodata            const     0x802'ba1c      0x60  app_delivery.o [1]
  .rodata            const     0x802'ba7c      0x60  scr_new_pressure_calibration.o [1]
  .rodata            const     0x802'badc      0x60  ssz_stm32_hal_bsp.o [1]
  .rodata            const     0x802'bb3c      0x60  ui_normal_list_base.o [1]
  .rodata            const     0x802'bb9c      0x5c  ui_image_list.o [1]
  .rodata            const     0x802'bbf8      0x5c  ui_list_base.o [1]
  .rodata            const     0x802'bc54      0x5c  ui_text_list.o [1]
  .rodata            const     0x802'bcb0      0x58  app_alternative_popup.o [1]
  .rodata            const     0x802'bd08      0x58  app_cmd.o [1]
  .rodata            const     0x802'bd60      0x58  app_cmd.o [1]
  .rodata            const     0x802'bdb8      0x58  app_delivery.o [1]
  .rodata            const     0x802'be10      0x58  app_main_menu.o [1]
  .rodata            const     0x802'be68      0x58  app_scr_manual_clear_air.o [1]
  .rodata            const     0x802'bec0      0x58  drv_sst25_flash.o [1]
  .rodata            const     0x802'bf18      0x58  ssz_str_utility.o [1]
  .rodata            const     0x802'bf70      0x58  ssz_time_utility.o [1]
  .rodata            const     0x802'bfc8      0x54  app_cmd.o [1]
  .rodata            const     0x802'c01c      0x54  app_scr_set_total_dose.o [1]
  .rodata            const     0x802'c070      0x54  data.o [1]
  .rodata            const     0x802'c0c4      0x54  drv_sst25_flash.o [1]
  .rodata            const     0x802'c118      0x54  drv_sst25_flash.o [1]
  .rodata            const     0x802'c16c      0x54  scr_factory_mode.o [1]
  .rodata            const     0x802'c1c0      0x54  scr_password_popup.o [1]
  .rodata            const     0x802'c214      0x54  ssz_block_file.o [1]
  .rodata            const     0x802'c268      0x54  ssz_safe_queue.o [1]
  .rodata            const     0x802'c2bc      0x54  ssz_sim_i2c.o [1]
  .rodata            const     0x802'c310      0x54  string_data.o [1]
  .rodata            const     0x802'c364      0x54  ui_statusbar.o [1]
  .rodata            const     0x802'c3b8      0x50  app_cmd.o [1]
  .rodata            const     0x802'c408      0x50  app_delivery.o [1]
  .rodata            const     0x802'c458      0x50  app_scr_set_date.o [1]
  .rodata            const     0x802'c4a8      0x50  app_scr_set_time.o [1]
  .rodata            const     0x802'c4f8      0x50  font_data.o [1]
  .rodata            const     0x802'c548      0x50  infusion_motor.o [1]
  .rodata            const     0x802'c598      0x50  record_log.o [1]
  .rodata            const     0x802'c5e8      0x50  record_log_text.o [1]
  .rodata            const     0x802'c638      0x50  scr_tip_popup.o [1]
  .rodata            const     0x802'c688      0x50  ssz_block_file.o [1]
  .rodata            const     0x802'c6d8      0x50  ssz_common.o [1]
  .rodata            const     0x802'c728      0x50  ssz_deque.o [1]
  .rodata            const     0x802'c778      0x50  ssz_file.o [1]
  .rodata            const     0x802'c7c8      0x50  ssz_list.o [1]
  .rodata            const     0x802'c818      0x50  ssz_nvram.o [1]
  .rodata            const     0x802'c868      0x50  ssz_record.o [1]
  .rodata            const     0x802'c8b8      0x50  ssz_timer.o [1]
  .rodata            const     0x802'c908      0x50  ssz_vector.o [1]
  .rodata            const     0x802'c958      0x50  three_valve_motor.o [1]
  .rodata            const     0x802'c9a8      0x50  ui_view.o [1]
  .rodata            const     0x802'c9f8      0x50  iar_Stoulx.o [2]
  .rodata            const     0x802'ca48      0x4c  app_cmd.o [1]
  .rodata            const     0x802'ca94      0x4c  app_cmd.o [1]
  .rodata            const     0x802'cae0      0x4c  app_cmd.o [1]
  .rodata            const     0x802'cb2c      0x4c  app_cmd.o [1]
  .rodata            const     0x802'cb78      0x4c  app_popup.o [1]
  .rodata            const     0x802'cbc4      0x4c  drv_sst25_flash.o [1]
  .rodata            const     0x802'cc10      0x4c  event.o [1]
  .rodata            const     0x802'cc5c      0x4c  msg.o [1]
  .rodata            const     0x802'cca8      0x4c  record_log.o [1]
  .rodata            const     0x802'ccf4      0x4c  record_log.o [1]
  .rodata            const     0x802'cd40      0x4c  simple_alloc.o [1]
  .rodata            const     0x802'cd8c      0x4c  timer.o [1]
  .rodata            const     0x802'cdd8      0x4c  ui_common.o [1]
  .rodata            const     0x802'ce24      0x4c  ui_disp_text.o [1]
  .rodata            const     0x802'ce70      0x4c  ui_draw_img.o [1]
  .rodata            const     0x802'cebc      0x48  app_cmd.o [1]
  .rodata            const     0x802'cf04      0x48  app_delivery.o [1]
  .rodata            const     0x802'cf4c      0x48  app_delivery.o [1]
  .rodata            const     0x802'cf94      0x48  app_infusion_monitor.o [1]
  .rodata            const     0x802'cfdc      0x48  app_popup.o [1]
  .rodata            const     0x802'd024      0x48  app_scr_change_password.o [1]
  .rodata            const     0x802'd06c      0x48  drv_lowpower.o [1]
  .rodata            const     0x802'd0b4      0x48  main.o [1]
  .rodata            const     0x802'd0fc      0x48  mid_adc.o [1]
  .rodata            const     0x802'd144      0x48  scr_password_popup.o [1]
  .rodata            const     0x802'd18c      0x48  screen.o [1]
  .rodata            const     0x802'd1d4      0x48  ssz_ui_view_config.o [1]
  .rodata            const     0x802'd21c      0x48  string_data.o [1]
  .rodata            const     0x802'd264      0x48  ui_draw.o [1]
  .rodata            const     0x802'd2ac      0x48  usart.o [1]
  .rodata            const     0x802'd2f4      0x44  adc.o [1]
  .rodata            const     0x802'd338      0x44  app_cmd.o [1]
  .rodata            const     0x802'd37c      0x44  app_cmd.o [1]
  .rodata            const     0x802'd3c0      0x44  app_sleep.o [1]
  .rodata            const     0x802'd404      0x44  com.o [1]
  .rodata            const     0x802'd448      0x44  data.o [1]
  .rodata            const     0x802'd48c      0x44  data.o [1]
  .rodata            const     0x802'd4d0      0x44  drv_com.o [1]
  .rodata            const     0x802'd514      0x44  drv_rtc.o [1]
  .rodata            const     0x802'd558      0x44  key.o [1]
  .rodata            const     0x802'd59c      0x44  led.o [1]
  .rodata            const     0x802'd5e0      0x44  param.o [1]
  .rodata            const     0x802'd624      0x44  scr_new_pressure_calibration.o [1]
  .rodata            const     0x802'd668      0x44  spi.o [1]
  .rodata            const     0x802'd6ac      0x44  ssz_common.o [1]
  .rodata            const     0x802'd6f0      0x44  ssz_time_utility.o [1]
  .rodata            const     0x802'd734      0x44  string_data.o [1]
  .rodata            const     0x802'd778      0x44  string_data.o [1]
  .rodata            const     0x802'd7bc      0x44  string_data.o [1]
  .rodata            const     0x802'd800      0x44  tim.o [1]
  .rodata            const     0x802'd844      0x44  voice.o [1]
  .rodata            const     0x802'd888      0x40  app_cmd.o [1]
  .rodata            const     0x802'd8c8      0x40  app_cmd.o [1]
  .rodata            const     0x802'd908      0x40  app_cmd.o [1]
  .rodata            const     0x802'd948      0x40  app_delivery.o [1]
  .rodata            const     0x802'd988      0x40  app_delivery.o [1]
  .rodata            const     0x802'd9c8      0x40  drv_sst25_flash.o [1]
  .rodata            const     0x802'da08      0x40  param.o [1]
  .rodata            const     0x802'da48      0x40  ssz_config.o [1]
  .rodata            const     0x802'da88      0x40  ssz_record.o [1]
  .rodata            const     0x802'dac8      0x40  string_data.o [1]
  .rodata            const     0x802'db08      0x3c  app_alternative_popup.o [1]
  .rodata            const     0x802'db44      0x3c  app_cmd.o [1]
  .rodata            const     0x802'db80      0x3c  app_cmd.o [1]
  .rodata            const     0x802'dbbc      0x3c  app_cmd.o [1]
  .rodata            const     0x802'dbf8      0x3c  app_cmd.o [1]
  .rodata            const     0x802'dc34      0x3c  app_cmd.o [1]
  .rodata            const     0x802'dc70      0x3c  app_cmd.o [1]
  .rodata            const     0x802'dcac      0x3c  app_cmd.o [1]
  .rodata            const     0x802'dce8      0x3c  app_cmd.o [1]
  .rodata            const     0x802'dd24      0x3c  app_infusion_monitor.o [1]
  .rodata            const     0x802'dd60      0x3c  drv_sst25_flash.o [1]
  .rodata            const     0x802'dd9c      0x3c  record_log.o [1]
  .rodata            const     0x802'ddd8      0x3c  ssz_record.o [1]
  .rodata            const     0x802'de14      0x3c  string_data.o [1]
  .rodata            const     0x802'de50      0x3c  string_data.o [1]
  .rodata            const     0x802'de8c      0x3c  string_data.o [1]
  .rodata            const     0x802'dec8      0x3c  three_valve_motor.o [1]
  .rodata            const     0x802'df04      0x3c  write.o [1]
  .rodata            const     0x802'df40      0x38  app_cmd.o [1]
  .rodata            const     0x802'df78      0x38  app_cmd.o [1]
  .rodata            const     0x802'dfb0      0x38  app_cmd.o [1]
  .rodata            const     0x802'dfe8      0x38  app_cmd.o [1]
  .rodata            const     0x802'e020      0x38  app_delivery.o [1]
  .rodata            const     0x802'e058      0x38  app_mcu_monitor.o [1]
  .rodata            const     0x802'e090      0x38  param.o [1]
  .rodata            const     0x802'e0c8      0x38  ssz_record.o [1]
  .rodata            const     0x802'e100      0x38  ssz_record.o [1]
  .rodata            const     0x802'e138      0x38  ui_draw.o [1]
  .rodata            const     0x802'e170      0x34  app_cmd.o [1]
  .rodata            const     0x802'e1a4      0x34  app_cmd.o [1]
  .rodata            const     0x802'e1d8      0x34  app_cmd.o [1]
  .rodata            const     0x802'e20c      0x34  app_cmd.o [1]
  .rodata            const     0x802'e240      0x34  app_cmd.o [1]
  .rodata            const     0x802'e274      0x34  app_cmd.o [1]
  .rodata            const     0x802'e2a8      0x34  app_delivery.o [1]
  .rodata            const     0x802'e2dc      0x34  app_msg_handle.o [1]
  .rodata            const     0x802'e310      0x34  app_msg_handle.o [1]
  .rodata            const     0x802'e344      0x34  infusion_motor.o [1]
  .rodata            const     0x802'e378      0x34  infusion_motor.o [1]
  .rodata            const     0x802'e3ac      0x34  param.o [1]
  .rodata            const     0x802'e3e0      0x34  param.o [1]
  .rodata            const     0x802'e414      0x34  param.o [1]
  .rodata            const     0x802'e448      0x34  ssz_deque.o [1]
  .rodata            const     0x802'e47c      0x34  ssz_list.o [1]
  .rodata            const     0x802'e4b0      0x34  ssz_record.o [1]
  .rodata            const     0x802'e4e4      0x34  ssz_record.o [1]
  .rodata            const     0x802'e518      0x34  string_data.o [1]
  .rodata            const     0x802'e54c      0x34  three_valve_motor.o [1]
  .rodata            const     0x802'e580      0x34  ui_list_base.o [1]
  .rodata            const     0x802'e5b4      0x30  app_cmd.o [1]
  .rodata            const     0x802'e5e4      0x30  app_cmd.o [1]
  .rodata            const     0x802'e614      0x30  app_cmd.o [1]
  .rodata            const     0x802'e644      0x30  app_cmd.o [1]
  .rodata            const     0x802'e674      0x30  app_cmd.o [1]
  .rodata            const     0x802'e6a4      0x30  app_cmd.o [1]
  .rodata            const     0x802'e6d4      0x30  app_common.o [1]
  .rodata            const     0x802'e704      0x30  app_infusion_monitor.o [1]
  .rodata            const     0x802'e734      0x30  app_infusion_monitor.o [1]
  .rodata            const     0x802'e764      0x30  battery_AC.o [1]
  .rodata            const     0x802'e794      0x30  battery_empty.o [1]
  .rodata            const     0x802'e7c4      0x30  battery_full.o [1]
  .rodata            const     0x802'e7f4      0x30  battery_no.o [1]
  .rodata            const     0x802'e824      0x30  battery_one.o [1]
  .rodata            const     0x802'e854      0x30  battery_three.o [1]
  .rodata            const     0x802'e884      0x30  battery_two.o [1]
  .rodata            const     0x802'e8b4      0x30  font_data.o [1]
  .rodata            const     0x802'e8e4      0x30  infusion_motor.o [1]
  .rodata            const     0x802'e914      0x30  param.o [1]
  .rodata            const     0x802'e944      0x30  param.o [1]
  .rodata            const     0x802'e974      0x30  record_log.o [1]
  .rodata            const     0x802'e9a4      0x30  scr_factory_mode.o [1]
  .rodata            const     0x802'e9d4      0x30  scr_factory_mode.o [1]
  .rodata            const     0x802'ea04      0x30  simple_alloc_config.o [1]
  .rodata            const     0x802'ea34      0x30  ssz_common.o [1]
  .rodata            const     0x802'ea64      0x30  string_data.o [1]
  .rodata            const     0x802'ea94      0x30  three_valve_motor.o [1]
  .rodata            const     0x802'eac4      0x2c  app_cmd.o [1]
  .rodata            const     0x802'eaf0      0x2c  app_cmd.o [1]
  .rodata            const     0x802'eb1c      0x2c  app_cmd.o [1]
  .rodata            const     0x802'eb48      0x2c  app_cmd.o [1]
  .rodata            const     0x802'eb74      0x2c  app_cmd.o [1]
  .rodata            const     0x802'eba0      0x2c  app_cmd.o [1]
  .rodata            const     0x802'ebcc      0x2c  app_cmd.o [1]
  .rodata            const     0x802'ebf8      0x2c  app_cmd.o [1]
  .rodata            const     0x802'ec24      0x2c  key.o [1]
  .rodata            const     0x802'ec50      0x2c  param.o [1]
  .rodata            const     0x802'ec7c      0x2c  param.o [1]
  .rodata            const     0x802'eca8      0x2c  scr_new_pressure_calibration.o [1]
  .rodata            const     0x802'ecd4      0x2c  scr_tip_popup.o [1]
  .rodata            const     0x802'ed00      0x2c  scr_unlock_tip.o [1]
  .rodata            const     0x802'ed2c      0x2c  screen.o [1]
  .rodata            const     0x802'ed58      0x2c  ssz_deque.o [1]
  .rodata            const     0x802'ed84      0x2c  ssz_file.o [1]
  .rodata            const     0x802'edb0      0x2c  ssz_list.o [1]
  .rodata            const     0x802'eddc      0x2c  ssz_ui_view_config.o [1]
  .rodata            const     0x802'ee08      0x2c  ssz_vector.o [1]
  .rodata            const     0x802'ee34      0x2c  string_data.o [1]
  .rodata            const     0x802'ee60      0x2c  string_data.o [1]
  .rodata            const     0x802'ee8c      0x2c  three_valve_motor.o [1]
  .rodata            const     0x802'eeb8      0x2c  three_valve_motor.o [1]
  .rodata            const     0x802'eee4      0x2c  ui_image_list.o [1]
  .rodata            const     0x802'ef10      0x2c  ui_list_base.o [1]
  .rodata            const     0x802'ef3c      0x2c  ui_normal_list_base.o [1]
  .rodata            const     0x802'ef68      0x2c  ui_page_control.o [1]
  .rodata            const     0x802'ef94      0x2c  ui_text_list.o [1]
  .rodata            const     0x802'efc0      0x28  app_cmd.o [1]
  .rodata            const     0x802'efe8      0x28  app_cmd.o [1]
  .rodata            const     0x802'f010      0x28  app_cmd.o [1]
  .rodata            const     0x802'f038      0x28  app_cmd.o [1]
  .rodata            const     0x802'f060      0x28  app_cmd.o [1]
  .rodata            const     0x802'f088      0x28  app_cmd.o [1]
  .rodata            const     0x802'f0b0      0x28  app_cmd.o [1]
  .rodata            const     0x802'f0d8      0x28  app_cmd.o [1]
  .rodata            const     0x802'f100      0x28  app_cmd.o [1]
  .rodata            const     0x802'f128      0x28  app_cmd.o [1]
  .rodata            const     0x802'f150      0x28  app_cmd.o [1]
  .rodata            const     0x802'f178      0x28  app_cmd.o [1]
  .rodata            const     0x802'f1a0      0x28  app_cmd.o [1]
  .rodata            const     0x802'f1c8      0x28  app_cmd.o [1]
  .rodata            const     0x802'f1f0      0x28  app_cmd.o [1]
  .rodata            const     0x802'f218      0x28  app_cmd.o [1]
  .rodata            const     0x802'f240      0x28  app_cmd.o [1]
  .rodata            const     0x802'f268      0x28  app_cmd.o [1]
  .rodata            const     0x802'f290      0x28  app_msg_handle.o [1]
  .rodata            const     0x802'f2b8      0x28  drv_key.o [1]
  .rodata            const     0x802'f2e0      0x28  drv_sst25_flash.o [1]
  .rodata            const     0x802'f308      0x28  infusion_motor.o [1]
  .rodata            const     0x802'f330      0x28  infusion_motor.o [1]
  .rodata            const     0x802'f358      0x28  infusion_motor.o [1]
  .rodata            const     0x802'f380      0x28  key.o [1]
  .rodata            const     0x802'f3a8      0x28  param.o [1]
  .rodata            const     0x802'f3d0      0x28  param.o [1]
  .rodata            const     0x802'f3f8      0x28  param.o [1]
  .rodata            const     0x802'f420      0x28  record_log.o [1]
  .rodata            const     0x802'f448      0x28  simple_alloc.o [1]
  .rodata            const     0x802'f470      0x28  ssz_common.o [1]
  .rodata            const     0x802'f498      0x28  ssz_file.o [1]
  .rodata            const     0x802'f4c0      0x28  ssz_file.o [1]
  .rodata            const     0x802'f4e8      0x28  ssz_ui_view_config.o [1]
  .rodata            const     0x802'f510      0x28  ssz_ui_view_config.o [1]
  .rodata            const     0x802'f538      0x28  string_data.o [1]
  .rodata            const     0x802'f560      0x28  string_data.o [1]
  .rodata            const     0x802'f588      0x28  ui_draw.o [1]
  .rodata            const     0x802'f5b0      0x28  ui_view.o [1]
  .text              ro code   0x802'f5d8      0x28  data_init.o [5]
  .rodata            const     0x802'f600      0x24  app_cmd.o [1]
  .rodata            const     0x802'f624      0x24  app_cmd.o [1]
  .rodata            const     0x802'f648      0x24  app_cmd.o [1]
  .rodata            const     0x802'f66c      0x24  app_cmd.o [1]
  .rodata            const     0x802'f690      0x24  app_cmd.o [1]
  .rodata            const     0x802'f6b4      0x24  app_cmd.o [1]
  .rodata            const     0x802'f6d8      0x24  app_cmd.o [1]
  .rodata            const     0x802'f6fc      0x24  app_cmd.o [1]
  .rodata            const     0x802'f720      0x24  app_cmd.o [1]
  .rodata            const     0x802'f744      0x24  app_cmd.o [1]
  .rodata            const     0x802'f768      0x24  app_cmd.o [1]
  .rodata            const     0x802'f78c      0x24  app_cmd.o [1]
  .rodata            const     0x802'f7b0      0x24  app_cmd.o [1]
  .rodata            const     0x802'f7d4      0x24  app_cmd.o [1]
  .rodata            const     0x802'f7f8      0x24  app_cmd.o [1]
  .rodata            const     0x802'f81c      0x24  app_cmd.o [1]
  .rodata            const     0x802'f840      0x24  app_cmd.o [1]
  .rodata            const     0x802'f864      0x24  app_cmd.o [1]
  .rodata            const     0x802'f888      0x24  app_cmd.o [1]
  .rodata            const     0x802'f8ac      0x24  app_cmd.o [1]
  .rodata            const     0x802'f8d0      0x24  app_cmd.o [1]
  .rodata            const     0x802'f8f4      0x24  app_infusion_monitor.o [1]
  .rodata            const     0x802'f918      0x24  app_mcu_monitor.o [1]
  .rodata            const     0x802'f93c      0x24  app_scr_set_max_clean_tube_dose.o [1]
  .rodata            const     0x802'f960      0x24  app_sleep.o [1]
  .rodata            const     0x802'f984      0x24  data.o [1]
  .rodata            const     0x802'f9a8      0x24  drv_com.o [1]
  .rodata            const     0x802'f9cc      0x24  drv_lowpower.o [1]
  .rodata            const     0x802'f9f0      0x24  drv_lowpower.o [1]
  .rodata            const     0x802'fa14      0x24  drv_lowpower.o [1]
  .rodata            const     0x802'fa38      0x24  drv_lowpower.o [1]
  .rodata            const     0x802'fa5c      0x24  event.o [1]
  .rodata            const     0x802'fa80      0x24  infusion_motor.o [1]
  .rodata            const     0x802'faa4      0x24  key.o [1]
  .rodata            const     0x802'fac8      0x24  key.o [1]
  .rodata            const     0x802'faec      0x24  param.o [1]
  .rodata            const     0x802'fb10      0x24  param.o [1]
  .rodata            const     0x802'fb34      0x24  param.o [1]
  .rodata            const     0x802'fb58      0x24  param.o [1]
  .rodata            const     0x802'fb7c      0x24  param.o [1]
  .rodata            const     0x802'fba0      0x24  scr_layout.o [1]
  .rodata            const     0x802'fbc4      0x24  scr_set_clean_tube_dose.o [1]
  .rodata            const     0x802'fbe8      0x24  screen.o [1]
  .rodata            const     0x802'fc0c      0x24  ssz_deque.o [1]
  .rodata            const     0x802'fc30      0x24  ssz_list.o [1]
  .rodata            const     0x802'fc54      0x24  ssz_ui_view_config.o [1]
  .rodata            const     0x802'fc78      0x24  ssz_ui_view_config.o [1]
  .rodata            const     0x802'fc9c      0x24  ssz_ui_view_config.o [1]
  .rodata            const     0x802'fcc0      0x24  ssz_ui_view_config.o [1]
  .rodata            const     0x802'fce4      0x24  string_data.o [1]
  .rodata            const     0x802'fd08      0x24  three_valve_motor.o [1]
  .rodata            const     0x802'fd2c      0x24  ui_common.o [1]
  .rodata            const     0x802'fd50      0x24  ui_statusbar.o [1]
  .iar.init_table    const     0x802'fd74      0x20  - Linker created -
  .rodata            const     0x802'fd94      0x20  app_check_last_infuse.o [1]
  .rodata            const     0x802'fdb4      0x20  app_cmd.o [1]
  .rodata            const     0x802'fdd4      0x20  app_cmd.o [1]
  .rodata            const     0x802'fdf4      0x20  app_cmd.o [1]
  .rodata            const     0x802'fe14      0x20  app_cmd.o [1]
  .rodata            const     0x802'fe34      0x20  app_cmd.o [1]
  .rodata            const     0x802'fe54      0x20  app_cmd.o [1]
  .rodata            const     0x802'fe74      0x20  app_cmd.o [1]
  .rodata            const     0x802'fe94      0x20  app_cmd.o [1]
  .rodata            const     0x802'feb4      0x20  app_cmd.o [1]
  .rodata            const     0x802'fed4      0x20  app_cmd.o [1]
  .rodata            const     0x802'fef4      0x20  app_cmd.o [1]
  .rodata            const     0x802'ff14      0x20  app_cmd.o [1]
  .rodata            const     0x802'ff34      0x20  app_cmd.o [1]
  .rodata            const     0x802'ff54      0x20  app_cmd.o [1]
  .rodata            const     0x802'ff74      0x20  app_cmd.o [1]
  .rodata            const     0x802'ff94      0x20  app_cmd.o [1]
  .rodata            const     0x802'ffb4      0x20  app_cmd.o [1]
  .rodata            const     0x802'ffd4      0x20  app_delivery.o [1]
  .rodata            const     0x802'fff4      0x20  app_delivery.o [1]
  .rodata            const     0x803'0014      0x20  app_delivery.o [1]
  .rodata            const     0x803'0034      0x20  app_history_log.o [1]
  .rodata            const     0x803'0054      0x20  app_infusion_monitor.o [1]
  .rodata            const     0x803'0074      0x20  app_infusion_monitor.o [1]
  .rodata            const     0x803'0094      0x20  app_mcu_comm.o [1]
  .rodata            const     0x803'00b4      0x20  app_operation_log.o [1]
  .rodata            const     0x803'00d4      0x20  app_scr_task_confirm.o [1]
  .rodata            const     0x803'00f4      0x20  com.o [1]
  .rodata            const     0x803'0114      0x20  cpu_usage.o [1]
  .rodata            const     0x803'0134      0x20  drv_isd2360.o [1]
  .rodata            const     0x803'0154      0x20  drv_lowpower.o [1]
  .rodata            const     0x803'0174      0x20  drv_lowpower.o [1]
  .rodata            const     0x803'0194      0x20  drv_lowpower.o [1]
  .rodata            const     0x803'01b4      0x20  drv_lowpower.o [1]
  .rodata            const     0x803'01d4      0x20  drv_sst25_flash.o [1]
  .rodata            const     0x803'01f4      0x20  infusion_motor.o [1]
  .rodata            const     0x803'0214      0x20  infusion_pause.o [1]
  .rodata            const     0x803'0234      0x20  infusion_run.o [1]
  .rodata            const     0x803'0254      0x20  infusion_stop.o [1]
  .rodata            const     0x803'0274      0x20  mute.o [1]
  .rodata            const     0x803'0294      0x20  param.o [1]
  .rodata            const     0x803'02b4      0x20  param.o [1]
  .rodata            const     0x803'02d4      0x20  param.o [1]
  .rodata            const     0x803'02f4      0x20  param.o [1]
  .rodata            const     0x803'0314      0x20  param.o [1]
  .rodata            const     0x803'0334      0x20  param.o [1]
  .rodata            const     0x803'0354      0x20  record_log.o [1]
  .rodata            const     0x803'0374      0x20  record_log.o [1]
  .rodata            const     0x803'0394      0x20  record_log.o [1]
  .rodata            const     0x803'03b4      0x20  scr_new_pressure_calibration.o [1]
  .rodata            const     0x803'03d4      0x20  scr_new_pressure_calibration.o [1]
  .rodata            const     0x803'03f4      0x20  screen.o [1]
  .rodata            const     0x803'0414      0x20  screen.o [1]
  .rodata            const     0x803'0434      0x20  sound_pause.o [1]
  .rodata            const     0x803'0454      0x20  ssz_block_file.o [1]
  .rodata            const     0x803'0474      0x20  ssz_block_file.o [1]
  .rodata            const     0x803'0494      0x20  ssz_record.o [1]
  .rodata            const     0x803'04b4      0x20  ssz_record.o [1]
  .rodata            const     0x803'04d4      0x20  ssz_ui_view_config.o [1]
  .rodata            const     0x803'04f4      0x20  ssz_ui_view_config.o [1]
  .rodata            const     0x803'0514      0x20  ssz_ui_view_config.o [1]
  .rodata            const     0x803'0534      0x20  string_data.o [1]
  .rodata            const     0x803'0554      0x20  string_data.o [1]
  .rodata            const     0x803'0574      0x20  string_data.o [1]
  .rodata            const     0x803'0594      0x20  string_data.o [1]
  .text              ro code   0x803'05b4      0x1e  cmain.o [5]
  .text              ro code   0x803'05d2       0x4  low_level_init.o [2]
  .text              ro code   0x803'05d6       0x4  exit.o [2]
  .text              ro code   0x803'05dc       0xa  cexit.o [5]
  .rodata            const     0x803'05e8      0x1c  app_check_last_infuse.o [1]
  .rodata            const     0x803'0604      0x1c  app_cmd.o [1]
  .rodata            const     0x803'0620      0x1c  app_cmd.o [1]
  .rodata            const     0x803'063c      0x1c  app_cmd.o [1]
  .rodata            const     0x803'0658      0x1c  app_cmd.o [1]
  .rodata            const     0x803'0674      0x1c  app_cmd.o [1]
  .rodata            const     0x803'0690      0x1c  app_cmd.o [1]
  .rodata            const     0x803'06ac      0x1c  app_cmd.o [1]
  .rodata            const     0x803'06c8      0x1c  app_cmd.o [1]
  .rodata            const     0x803'06e4      0x1c  app_cmd.o [1]
  .rodata            const     0x803'0700      0x1c  app_cmd.o [1]
  .rodata            const     0x803'071c      0x1c  app_cmd.o [1]
  .rodata            const     0x803'0738      0x1c  app_cmd.o [1]
  .rodata            const     0x803'0754      0x1c  app_cmd.o [1]
  .rodata            const     0x803'0770      0x1c  app_cmd.o [1]
  .rodata            const     0x803'078c      0x1c  app_cmd.o [1]
  .rodata            const     0x803'07a8      0x1c  app_delivery.o [1]
  .rodata            const     0x803'07c4      0x1c  app_mcu_comm.o [1]
  .rodata            const     0x803'07e0      0x1c  app_scr_change_oled_brightness.o [1]
  .rodata            const     0x803'07fc      0x1c  dengxian_regular_14.o [1]
  .rodata            const     0x803'0818      0x1c  dengxian_regular_14.o [1]
  .rodata            const     0x803'0834      0x1c  dengxian_regular_14.o [1]
  .rodata            const     0x803'0850      0x1c  dengxian_regular_14.o [1]
  .rodata            const     0x803'086c      0x1c  dengxian_regular_14.o [1]
  .rodata            const     0x803'0888      0x1c  dengxian_regular_14.o [1]
  .rodata            const     0x803'08a4      0x1c  dengxian_regular_14.o [1]
  .rodata            const     0x803'08c0      0x1c  dengxian_regular_14.o [1]
  .rodata            const     0x803'08dc      0x1c  dengxian_regular_14.o [1]
  .rodata            const     0x803'08f8      0x1c  dengxian_regular_14.o [1]
  .rodata            const     0x803'0914      0x1c  dengxian_regular_14.o [1]
  .rodata            const     0x803'0930      0x1c  dengxian_regular_14.o [1]
  .rodata            const     0x803'094c      0x1c  dengxian_regular_14.o [1]
  .rodata            const     0x803'0968      0x1c  dengxian_regular_14.o [1]
  .rodata            const     0x803'0984      0x1c  dengxian_regular_14.o [1]
  .rodata            const     0x803'09a0      0x1c  dengxian_regular_14.o [1]
  .rodata            const     0x803'09bc      0x1c  dengxian_regular_14.o [1]
  .rodata            const     0x803'09d8      0x1c  dengxian_regular_14.o [1]
  .rodata            const     0x803'09f4      0x1c  dengxian_regular_14.o [1]
  .rodata            const     0x803'0a10      0x1c  dengxian_regular_14.o [1]
  .rodata            const     0x803'0a2c      0x1c  dengxian_regular_14.o [1]
  .rodata            const     0x803'0a48      0x1c  dengxian_regular_14.o [1]
  .rodata            const     0x803'0a64      0x1c  dengxian_regular_14.o [1]
  .rodata            const     0x803'0a80      0x1c  dengxian_regular_14.o [1]
  .rodata            const     0x803'0a9c      0x1c  dengxian_regular_14.o [1]
  .rodata            const     0x803'0ab8      0x1c  dengxian_regular_14.o [1]
  .rodata            const     0x803'0ad4      0x1c  dengxian_regular_14.o [1]
  .rodata            const     0x803'0af0      0x1c  dengxian_regular_14.o [1]
  .rodata            const     0x803'0b0c      0x1c  dengxian_regular_14.o [1]
  .rodata            const     0x803'0b28      0x1c  dengxian_regular_14.o [1]
  .rodata            const     0x803'0b44      0x1c  dengxian_regular_14.o [1]
  .rodata            const     0x803'0b60      0x1c  dengxian_regular_14.o [1]
  .rodata            const     0x803'0b7c      0x1c  dengxian_regular_14.o [1]
  .rodata            const     0x803'0b98      0x1c  dengxian_regular_14.o [1]
  .rodata            const     0x803'0bb4      0x1c  dengxian_regular_14.o [1]
  .rodata            const     0x803'0bd0      0x1c  dengxian_regular_14.o [1]
  .rodata            const     0x803'0bec      0x1c  dengxian_regular_14.o [1]
  .rodata            const     0x803'0c08      0x1c  dengxian_regular_14.o [1]
[...]
ssz_record_at            0x801'3043    0x3e  Code  Gb  ssz_record.o [1]
ssz_record_at_address    0x801'301b    0x28  Code  Lc  ssz_record.o [1]
ssz_record_clear         0x801'3235    0xf8  Code  Gb  ssz_record.o [1]
ssz_record_erase         0x801'332d    0x68  Code  Gb  ssz_record.o [1]
ssz_record_head_address
                         0x801'2af5    0x5a  Code  Gb  ssz_record.o [1]
ssz_record_init_from_nvram
                         0x801'2d47    0x14  Code  Lc  ssz_record.o [1]
ssz_record_init_from_nvram_by_head
                         0x801'2bb7   0x102  Code  Lc  ssz_record.o [1]
ssz_record_init_from_nvram_by_record
                         0x801'2cb9    0x8e  Code  Lc  ssz_record.o [1]
ssz_record_load          0x801'2ffd    0x1a  Code  Gb  ssz_record.o [1]
ssz_record_push          0x801'3129   0x10c  Code  Gb  ssz_record.o [1]
ssz_record_size          0x801'3017     0x4  Code  Gb  ssz_record.o [1]
ssz_record_struct_init   0x801'2d5b   0x258  Code  Gb  ssz_record.o [1]
ssz_record_top           0x801'3081    0x18  Code  Gb  ssz_record.o [1]
ssz_record_update_head   0x801'3099    0x90  Code  Lc  ssz_record.o [1]
ssz_safe_queue_front     0x802'0ca9    0x3c  Code  Gb  ssz_safe_queue.o [1]
ssz_safe_queue_init      0x802'0c49    0x34  Code  Gb  ssz_safe_queue.o [1]
ssz_safe_queue_is_empty
                         0x802'0c7d    0x14  Code  Gb  ssz_safe_queue.o [1]
ssz_safe_queue_pop       0x802'0cf1    0x20  Code  Gb  ssz_safe_queue.o [1]
ssz_safe_queue_push      0x802'0d11    0x40  Code  Gb  ssz_safe_queue.o [1]
ssz_safe_queue_size      0x802'0c91    0x18  Code  Gb  ssz_safe_queue.o [1]
ssz_seconds_to_time      0x800'35bf     0xa  Code  Gb  ssz_time_utility.o [1]
ssz_seconds_to_time_ex   0x800'35c9    0xe4  Code  Gb  ssz_time_utility.o [1]
ssz_set_last_error       0x800'816b     0x6  Code  Gb  ssz_common.o [1]
ssz_sim_i2c_master_file_ctl
                         0x801'049f    0x3e  Code  Lc  ssz_sim_i2c.o [1]
ssz_sim_i2c_master_file_read
                         0x801'044b    0x2a  Code  Lc  ssz_sim_i2c.o [1]
ssz_sim_i2c_master_file_write
                         0x801'0475    0x2a  Code  Lc  ssz_sim_i2c.o [1]
ssz_sim_i2c_master_force_slaver_release
                         0x801'03fb    0x50  Code  Gb  ssz_sim_i2c.o [1]
ssz_sim_i2c_master_init
                         0x801'04dd    0x3a  Code  Gb  ssz_sim_i2c.o [1]
ssz_sim_i2c_master_is_slaver_busy
                         0x801'03d9    0x22  Code  Gb  ssz_sim_i2c.o [1]
ssz_sim_i2c_master_read
                         0x801'030d    0x66  Code  Gb  ssz_sim_i2c.o [1]
ssz_sim_i2c_master_write
                         0x801'0373    0x66  Code  Gb  ssz_sim_i2c.o [1]
ssz_sim_i2c_read_ack     0x801'01f1    0x4c  Code  Gb  ssz_sim_i2c.o [1]
ssz_sim_i2c_read_byte    0x801'023d    0x62  Code  Gb  ssz_sim_i2c.o [1]
ssz_sim_i2c_send_ack     0x801'015d    0x4a  Code  Gb  ssz_sim_i2c.o [1]
ssz_sim_i2c_send_nack    0x801'01a7    0x4a  Code  Gb  ssz_sim_i2c.o [1]
ssz_sim_i2c_start        0x801'00bd    0x50  Code  Gb  ssz_sim_i2c.o [1]
ssz_sim_i2c_stop         0x801'010d    0x50  Code  Gb  ssz_sim_i2c.o [1]
ssz_sim_i2c_write_byte   0x801'029f    0x6e  Code  Gb  ssz_sim_i2c.o [1]
ssz_sleep                0x800'4a13     0x4  Code  Gb  ssz_stm32_hal_bsp.o [1]
ssz_spi_file_ctl         0x801'372d    0x40  Code  Lc  ssz_spi.o [1]
ssz_spi_file_read        0x801'36d9    0x2a  Code  Lc  ssz_spi.o [1]
ssz_spi_file_write       0x801'3703    0x2a  Code  Lc  ssz_spi.o [1]
ssz_spi_init             0x801'376d    0x18  Code  Gb  ssz_spi.o [1]
ssz_spi_read             0x800'4b81    0x1a  Code  Gb  ssz_stm32_hal_bsp.o [1]
ssz_spi_wait_write_finish
                         0x800'4bb5     0x2  Code  Gb  ssz_stm32_hal_bsp.o [1]
ssz_spi_write            0x800'4b9b    0x1a  Code  Gb  ssz_stm32_hal_bsp.o [1]
ssz_stop_watch_child_start
                         0x800'fb23    0x6a  Code  Gb  ssz_stop_watch.o [1]
ssz_stop_watch_child_stop
                         0x800'fb8d    0x2e  Code  Gb  ssz_stop_watch.o [1]
ssz_stop_watch_init      0x800'faf5     0x6  Code  Gb  ssz_stop_watch.o [1]
ssz_stop_watch_print     0x800'fbc5    0x94  Code  Gb  ssz_stop_watch.o [1]
ssz_stop_watch_start     0x800'fafb    0x28  Code  Gb  ssz_stop_watch.o [1]
ssz_stop_watch_stop      0x800'fbbb     0xa  Code  Gb  ssz_stop_watch.o [1]
ssz_str_find_not_number
                         0x800'68c5    0x3c  Code  Gb  ssz_str_utility.o [1]
ssz_str_find_number      0x800'6889    0x3c  Code  Gb  ssz_str_utility.o [1]
ssz_str_hex_char_to_int
                         0x800'6a91    0x42  Code  Gb  ssz_str_utility.o [1]
ssz_str_hex_to_int       0x800'6ad3    0x44  Code  Gb  ssz_str_utility.o [1]
ssz_str_line_num         0x800'6a79    0x18  Code  Gb  ssz_str_utility.o [1]
ssz_str_print_only_one_line
                         0x800'6b17    0x24  Code  Gb  ssz_str_utility.o [1]
ssz_str_split            0x800'695b    0x56  Code  Gb  ssz_str_utility.o [1]
ssz_str_to_date          0x800'36ad    0x8a  Code  Gb  ssz_time_utility.o [1]
ssz_str_to_numbers       0x800'6901    0x5a  Code  Gb  ssz_str_utility.o [1]
ssz_str_to_time          0x800'3737    0x34  Code  Gb  ssz_time_utility.o [1]
ssz_str_utf8_to_one_utf16
                         0x800'69b1    0xb8  Code  Gb  ssz_str_utility.o [1]
ssz_system_clock         0x800'49b1     0x6  Code  Gb  ssz_stm32_hal_bsp.o [1]
ssz_tick_time_diff       0x800'33dd    0x28  Code  Gb  ssz_tick_time.o [1]
ssz_tick_time_elapsed    0x800'338d     0xc  Code  Gb  ssz_tick_time.o [1]
ssz_tick_time_elapsed_ex
                         0x800'3399    0x10  Code  Gb  ssz_tick_time.o [1]
ssz_tick_time_increase   0x800'3301    0x28  Code  Gb  ssz_tick_time.o [1]
ssz_tick_time_is_after_or_eq
                         0x800'33a9    0x1a  Code  Gb  ssz_tick_time.o [1]
ssz_tick_time_next       0x800'333f     0xe  Code  Gb  ssz_tick_time.o [1]
ssz_tick_time_next_ex    0x800'3329    0x16  Code  Gb  ssz_tick_time.o [1]
ssz_tick_time_now        0x800'334d     0x6  Code  Gb  ssz_tick_time.o [1]
ssz_tick_time_now_str    0x800'3353    0x26  Code  Gb  ssz_tick_time.o [1]
ssz_tick_time_str        0x800'3379    0x14  Code  Gb  ssz_tick_time.o [1]
ssz_time_now             0x800'2dd9     0x8  Code  Gb  ssz_config.o [1]
ssz_time_now_seconds     0x800'2de1    0x18  Code  Gb  ssz_config.o [1]
ssz_time_now_str         0x800'3969    0x56  Code  Gb  ssz_time.o [1]
ssz_time_str             0x800'39bf    0x42  Code  Gb  ssz_time.o [1]
ssz_time_to_seconds      0x800'34f5     0xa  Code  Gb  ssz_time_utility.o [1]
ssz_time_to_seconds_ex   0x800'34ff    0xc0  Code  Gb  ssz_time_utility.o [1]
ssz_timer_create         0x801'e7bb    0x2e  Code  Gb  ssz_timer.o [1]
ssz_timer_delete         0x801'e7e9     0x8  Code  Gb  ssz_timer.o [1]
ssz_timer_handle_all     0x801'e821    0x54  Code  Gb  ssz_timer.o [1]
ssz_timer_init           0x801'e79d    0x1e  Code  Gb  ssz_timer.o [1]
ssz_timer_start_oneshot_after
                         0x801'e7f1    0x28  Code  Gb  ssz_timer.o [1]
ssz_tmp_buff_alloc       0x800'81b9    0x6a  Code  Gb  ssz_common.o [1]
ssz_tmp_buff_check_size
                         0x800'8177    0x42  Code  Gb  ssz_common.o [1]
ssz_tmp_buff_free        0x800'8223    0x2c  Code  Gb  ssz_common.o [1]
ssz_uart_write           0x800'4bb7    0x22  Code  Gb  ssz_stm32_hal_bsp.o [1]
ssz_vector_at_index      0x801'f085    0x4e  Code  Gb  ssz_vector.o [1]
ssz_vector_init          0x801'f02d    0x34  Code  Gb  ssz_vector.o [1]
ssz_vector_insert_internal
                         0x801'f0d3    0xc2  Code  Gb  ssz_vector.o [1]
ssz_vector_push_back     0x801'f195    0x52  Code  Gb  ssz_vector.o [1]
ssz_vector_size          0x801'f061    0x24  Code  Gb  ssz_vector.o [1]
ssz_week_day             0x800'3479    0x7c  Code  Gb  ssz_time_utility.o [1]
start_system_scan()      0x800'bc89    0x18  Code  Gb  do_before_main_loop.o [1]
statusbar()              0x801'7b25    0x42  Code  Gb  ui_common.o [1]
statusbar_create         0x801'7aff    0x26  Code  Gb  ui_common.o [1]
statusbar_init()         0x801'7b79    0x88  Code  Gb  ui_common.o [1]
stop_system_scan()       0x800'bca1    0x18  Code  Gb  do_before_main_loop.o [1]
stop_watch_child_start   0x800'2d43    0x18  Code  Gb  stop_watch.o [1]
stop_watch_child_stop    0x800'2d5b    0x14  Code  Gb  stop_watch.o [1]
stop_watch_disable       0x800'2d9b     0x8  Code  Gb  stop_watch.o [1]
stop_watch_enable        0x800'2d93     0x8  Code  Gb  stop_watch.o [1]
stop_watch_init          0x800'2d1d    0x14  Code  Gb  stop_watch.o [1]
stop_watch_print         0x800'2d81    0x12  Code  Gb  stop_watch.o [1]
stop_watch_start         0x800'2d31    0x12  Code  Gb  stop_watch.o [1]
stop_watch_stop          0x800'2d6f    0x12  Code  Gb  stop_watch.o [1]
strchr                   0x800'ea1d          Code  Gb  strchr.o [5]
strcmp                   0x800'2985          Code  Gb  strcmp.o [5]
strcpy                   0x800'28d5          Code  Gb  strcpy.o [5]
string_data_select_by_lang
                         0x801'35a1    0x2e  Code  Gb  string_data.o [1]
strlen                   0x800'2935          Code  Gb  strlen.o [5]
strncat                  0x801'd399    0x28  Code  Gb  strncat.o [2]
strncmp                  0x800'ea6b    0x28  Code  Gb  strncmp.o [2]
sys_master_mcu_power_disable
                         0x800'4dc5    0x10  Code  Gb  sys_power.o [1]
sys_master_mcu_power_enable
                         0x800'4db5    0x10  Code  Gb  sys_power.o [1]
sys_power_ADC_disable    0x800'4d7b    0x10  Code  Gb  sys_power.o [1]
sys_power_ADC_enable     0x800'4d6b    0x10  Code  Gb  sys_power.o [1]
sys_power_battery_level
                         0x800'4e6b    0x16  Code  Gb  sys_power.o [1]
sys_power_battery_voltage
                         0x800'4dd5    0x1c  Code  Gb  sys_power.o [1]
sys_power_disable        0x800'4da5    0x10  Code  Gb  sys_power.o [1]
sys_power_enable         0x800'4d95    0x10  Code  Gb  sys_power.o [1]
sys_power_get_battery_level
                         0x800'4e05    0x66  Code  Gb  sys_power.o [1]
sys_power_get_sys_pwr_adc_average_value
                         0x800'4d8b     0xa  Code  Gb  sys_power.o [1]
sys_power_is_adapter_insert
                         0x800'4d25    0x18  Code  Gb  sys_power.o [1]
sys_power_wake_up_slaver
                         0x800'4d59    0x12  Code  Gb  sys_power.o [1]
sys_power_wake_up_slaver_pin_high
                         0x800'4d3d     0xe  Code  Gb  sys_power.o [1]
sys_power_wake_up_slaver_pin_low
                         0x800'4d4b     0xe  Code  Gb  sys_power.o [1]
system_mode              0x800'5a5d     0x6  Code  Gb  mid_common.o [1]
three_valve_motor_encoder_after_start
                         0x800'a657     0x6  Code  Gb  three_valve_motor.o [1]
three_valve_motor_init   0x800'a689    0x1c  Code  Gb  three_valve_motor.o [1]
three_valve_motor_is_running
                         0x800'a65d    0x12  Code  Gb  three_valve_motor.o [1]
three_valve_motor_monitor_start
                         0x800'a4a3    0x2e  Code  Gb  three_valve_motor.o [1]
three_valve_motor_monitor_stop
                         0x800'a4d1     0xa  Code  Gb  three_valve_motor.o [1]
three_valve_motor_move_to_position
                         0x800'9f2d   0x41a  Code  Gb  three_valve_motor.o [1]
three_valve_motor_move_to_position_a
                         0x800'a351     0xa  Code  Gb  three_valve_motor.o [1]
three_valve_motor_move_to_position_b
                         0x800'a35b     0xa  Code  Gb  three_valve_motor.o [1]
three_valve_motor_on_direction_wrong
                         0x800'a679    0x10  Code  Gb  three_valve_motor.o [1]
three_valve_motor_on_finish_target
                         0x800'a66f     0xa  Code  Gb  three_valve_motor.o [1]
three_valve_motor_run_check
                         0x800'a365   0x13e  Code  Gb  three_valve_motor.o [1]
three_valve_motor_start
                         0x800'a4db    0xd6  Code  Gb  three_valve_motor.o [1]
three_valve_motor_stop   0x800'a5b5    0xa2  Code  Gb  three_valve_motor.o [1]
timer_handle_all         0x800'2c95     0xa  Code  Gb  timer.o [1]
timer_handle_all_of_group
                         0x800'2c9f    0x6e  Code  Gb  timer.o [1]
timer_is_actived         0x800'2c35    0x34  Code  Gb  timer.o [1]
timer_set_handler        0x800'2af1     0xc  Code  Gb  timer.o [1]
timer_set_handler_and_group
                         0x800'2afd    0x38  Code  Gb  timer.o [1]
timer_start_oneshot_after
                         0x800'2b35    0x5e  Code  Gb  timer.o [1]
timer_start_oneshot_at   0x800'2bbb    0x42  Code  Gb  timer.o [1]
timer_start_periodic_every
                         0x800'2b93    0x28  Code  Gb  timer.o [1]
timer_stop               0x800'2bfd    0x38  Code  Gb  timer.o [1]
timer_stop_all           0x800'2c69    0x2c  Code  Gb  timer.o [1]
ui_backup_and_set_default_draw_context
                         0x800'7981    0x40  Code  Gb  ui_draw.o [1]
ui_canvas_rect           0x800'7889    0x12  Code  Gb  ui_draw.o [1]
ui_clear                 0x800'7c0f    0x2e  Code  Gb  ui_draw.o [1]
ui_clear_rect            0x800'7bbf    0x50  Code  Gb  ui_draw.o [1]
ui_common_color_to_dev_color
                         0x801'39cd    0x18  Code  Gb  ssz_ui_config.o [1]
ui_config                0x801'39c5     0x8  Code  Gb  ssz_ui_config.o [1]
ui_create_widgets(UIView *, short const *, int)
                         0x801'78f5   0x20a  Code  Gb  ui_common.o [1]
ui_disp_char_at_inter    0x801'daab    0x8c  Code  Gb  ui_disp_text.o [1]
ui_disp_text_at          0x801'dc31    0x1e  Code  Gb  ui_disp_text.o [1]
ui_disp_text_at_internal
                         0x801'db37    0xfa  Code  Gb  ui_disp_text.o [1]
ui_disp_text_in_rect     0x801'dc55   0x124  Code  Gb  ui_disp_text.o [1]
ui_draw_hline_at         0x800'79e9    0x6a  Code  Gb  ui_draw.o [1]
ui_draw_img_at           0x801'f1fd    0xe8  Code  Gb  ui_draw_img.o [1]
ui_draw_rect_at          0x800'7a53   0x134  Code  Gb  ui_draw.o [1]
ui_draw_rect_ex          0x800'7b87    0x2c  Code  Gb  ui_draw.o [1]
ui_draw_to_dev           0x801'39e5     0x8  Code  Gb  ssz_ui_config.o [1]
ui_fill_rect_at          0x800'7bb3     0xc  Code  Gb  ui_draw.o [1]
ui_flush_line_cache      0x800'7e41    0x24  Code  Gb  ui_draw.o [1]
ui_get_char_xsize        0x801'd9e7    0x46  Code  Gb  ui_disp_text.o [1]
ui_get_text_xsize        0x801'daa1     0xa  Code  Gb  ui_disp_text.o [1]
ui_get_text_xsize_internal
                         0x801'da2d    0x74  Code  Gb  ui_disp_text.o [1]
ui_limit_rect_of_canvas
                         0x800'795b    0x12  Code  Gb  ui_draw.o [1]
ui_rect_intersect        0x801'37c5    0x78  Code  Gb  ui_utility.o [1]
ui_rect_intersect_to     0x801'383d    0x90  Code  Gb  ui_utility.o [1]
ui_rect_is_include       0x801'398b    0x38  Code  Gb  ui_utility.o [1]
ui_rect_is_intersect_ex
                         0x801'3929    0x62  Code  Gb  ui_utility.o [1]
ui_rect_merge            0x801'38cd    0x42  Code  Gb  ui_utility.o [1]
ui_rect_move             0x801'390f    0x1a  Code  Gb  ui_utility.o [1]
ui_restore_draw_context
                         0x800'79c1    0x14  Code  Gb  ui_draw.o [1]
ui_set_bk_color          0x800'787f     0xa  Code  Gb  ui_draw.o [1]
ui_set_canvas_rect       0x800'789b    0x26  Code  Gb  ui_draw.o [1]
ui_set_canvas_rect_ex    0x800'78c1    0x46  Code  Gb  ui_draw.o [1]
ui_set_default_draw_context
                         0x800'796d    0x14  Code  Gb  ui_draw.o [1]
ui_set_draw_mode         0x800'7875     0xa  Code  Gb  ui_draw.o [1]
ui_set_fill_color        0x800'79df     0xa  Code  Gb  ui_draw.o [1]
ui_set_font              0x801'd9c9     0xa  Code  Gb  ui_disp_text.o [1]
ui_set_limit_rect_of_canvas_ex
                         0x800'7907    0x54  Code  Gb  ui_draw.o [1]
ui_set_pen_color         0x800'79d5     0xa  Code  Gb  ui_draw.o [1]
ui_set_pixel_at_line_cache
                         0x800'7ca5    0xb4  Code  Gb  ui_draw.o [1]
ui_set_pixels_at_line_cache
                         0x800'7d59    0xe8  Code  Gb  ui_draw.o [1]
ui_set_text_color        0x801'd9d3     0xa  Code  Gb  ui_disp_text.o [1]
ui_set_text_mode         0x801'd9dd     0xa  Code  Gb  ui_disp_text.o [1]
ui_start_line_cache      0x800'7c3d    0x62  Code  Gb  ui_draw.o [1]
ui_view_config           0x801'e729    0x40  Code  Gb  ssz_ui_view_config.o [1]
ui_view_create(UIViewTypeID, int, UIView *, int, int, int, int, unsigned int)
                         0x801'551b    0x90  Code  Gb  ui_view.o [1]
ui_view_create_desktop_if_not()
                         0x801'565f    0x5e  Code  Gb  ui_view.o [1]
ui_view_create_timer(UIView *)
                         0x801'578f     0xe  Code  Gb  ui_view.o [1]
ui_view_delete_associated_timer(UIView *)
                         0x801'57b7     0xe  Code  Gb  ui_view.o [1]
ui_view_delete_timer(int)
                         0x801'579d     0xc  Code  Gb  ui_view.o [1]
ui_view_desktop()        0x801'56bd     0x6  Code  Gb  ui_view.o [1]
ui_view_desktop_callback(void *, UIMsg *)
                         0x801'565d     0x2  Code  Gb  ui_view.o [1]
ui_view_destroy(UIView *)
                         0x801'55ab    0x5c  Code  Gb  ui_view.o [1]
ui_view_draw_all_dirty   0x801'5841    0x18  Code  Gb  ui_view.o [1]
ui_view_focused()        0x801'56c3     0x6  Code  Gb  ui_view.o [1]
ui_view_free(UIView *)   0x801'54f3    0x28  Code  Gb  ui_view.o [1]
ui_view_handle_all_timer()
                         0x801'5859     0xa  Code  Gb  ui_view.o [1]
ui_view_init             0x801'5869    0x18  Code  Gb  ui_view.o [1]
ui_view_init_obj         0x801'e545   0x1e4  Code  Gb  ssz_ui_view_config.o [1]
ui_view_invalidate_views(UIView *, UIView *, Rect &)
                         0x801'4df7    0x50  Code  Gb  ui_view.o [1]
ui_view_output_view_self_info(UIView *, int)
                         0x801'56e1    0x8c  Code  Gb  ui_view.o [1]
ui_view_print_space(int)
                         0x801'56c9    0x16  Code  Gb  ui_view.o [1]
ui_view_regist(UIViewTypeID, int, void *)
                         0x801'5607    0x4c  Code  Gb  ui_view.o [1]
ui_view_send_msg(UIView *, UIMsg &)
                         0x801'5653     0xa  Code  Gb  ui_view.o [1]
ui_view_start_oneshot_after(int, int)
                         0x801'57c5     0xe  Code  Gb  ui_view.o [1]
ui_view_start_scan_timer
                         0x801'58cd    0x10  Code  Gb  ui_view.o [1]
ui_view_stop_scan_timer
                         0x801'58dd     0xa  Code  Gb  ui_view.o [1]
unlock_keypad()          0x800'b9ad    0x14  Code  Gb  app_common.o [1]
uwTick                  0x2000'675c     0x4  Data  Gb  stm32l1xx_hal.o [1]
version_build_time       0x800'32ed     0x4  Code  Gb  version.o [1]
version_info             0x800'32e5     0x4  Code  Gb  version.o [1]
version_software_name    0x800'32e9     0x4  Code  Gb  version.o [1]
vibrator_motor_init      0x800'b6e9    0x16  Code  Gb  vibrater_motor.o [1]
vibrator_motor_start     0x800'b6ff    0x16  Code  Gb  vibrater_motor.o [1]
vibrator_motor_stop      0x800'b715    0x16  Code  Gb  vibrater_motor.o [1]
voice_device_close       0x801'8c0d    0x14  Code  Gb  voice.o [1]
voice_device_open        0x801'8bf9    0x14  Code  Gb  voice.o [1]
voice_get_channel        0x801'8c21    0x48  Code  Gb  voice.o [1]
voice_play_beep_once     0x801'8cdd     0xc  Code  Gb  voice.o [1]
voice_play_once          0x801'8c69    0x5e  Code  Gb  voice.o [1]
watchdog_clear           0x800'ba8f    0x14  Code  Gb  app_common.o [1]
watchdog_is_enable       0x800'ba89     0x6  Code  Gb  app_common.o [1]
watchdog_set_expired_time
                         0x800'baa3    0x1c  Code  Gb  app_common.o [1]
watchdog_start           0x800'ba59    0x16  Code  Gb  app_common.o [1]
watchdog_stop            0x800'ba6f    0x1a  Code  Gb  app_common.o [1]


[1] = D:\1-WORK\ProjectFiles\PCBA_FCT\MasterMcu\build\IAR\Debug\Obj
[2] = dl7M_tln.a
[3] = dlpp7M_tl_nc.a
[4] = m7M_tl.a
[5] = rt7M_tl.a
[6] = shb_l.a

  152'266 bytes of readonly  code memory
   63'992 bytes of readonly  data memory
   31'745 bytes of readwrite data memory

Errors: none
Warnings: none
